@00003000: $ 8 <= 0000000b
@00003004: $31 <= 0000300c
@00003008: $ 8 <= 0000300c
@0000300c: $ 8 <= 0000300f
@00003010: $31 <= 00003018
@00003014: $ 8 <= 0000301b
@00003018: $ 8 <= 0000301b
@0000301c: $ 9 <= 0000301b
@00003024: $10 <= 00006036
@00003028: $ 8 <= 0000301b
@0000302c: $ 9 <= 00009051
@00003034: $ 8 <= 00009051
@00003038: $ 4 <= 00000000
@00003040: $ 8 <= 00000000
@00003044: $ 8 <= 0000006f
@00003048: $ 4 <= 00000000
@00003050: *00000000 <= 0000006f
@00003054: $ 9 <= 00009051
@00003058: $10 <= 00009051
@0000306c: $ 9 <= 00003080
@00003070: $10 <= 00003080
@00003080: $ 8 <= 0000006f
@00003084: $ 9 <= 00003080
@0000308c: $10 <= 000030ef
@00003090: $ 8 <= 0000006f
@00003094: $ 9 <= 000030ef
@0000309c: $ 8 <= 000030ef
@000030a0: $ 4 <= 00000000
@000030a8: $ 8 <= 0000006f
@000030ac: $ 8 <= 0000006f
@000030b0: $ 4 <= 00000000
@000030b8: *00000000 <= 0000006f
@000030bc: $ 9 <= 000030ef
@000030c0: $10 <= 000030ef
@000030d4: $ 9 <= 000030e8
@000030d8: $10 <= 000030e8
@000030e8: $ 8 <= 0000006f
@000030ec: $31 <= 000030f4
@000030f8: $ 8 <= 0000006f
@000030fc: $31 <= 00003104
@00003108: $ 4 <= 00003000
@0000310c: $31 <= 00003114
@00003110: $31 <= 00000114
@00003114: $ 9 <= 00000000
@00003118: $ 9 <= 00000001
@0000311c: $ 4 <= 00003000
@00003120: $31 <= 00003128
@00003124: $31 <= 00000128
@00003128: *00000128 <= 00000001
@0000312c: $ 8 <= 0000006f
@00003130: $ 9 <= 00003157
@0000313c: $10 <= 000031c6
@00003140: $ 8 <= 0000006f
@00003144: $ 9 <= 00003235
@00003150: $ 8 <= 00003235
@00003154: $ 4 <= 00000000
@00003160: $ 8 <= 0000006f
@00003164: $ 8 <= 0000006f
@00003168: $ 4 <= 00000000
@00003174: *00000000 <= 0000006f
@00003178: $ 9 <= 00003235
@0000317c: $10 <= 00003235
@00003194: $ 9 <= 000031ac
@00003198: $10 <= 000031ac
@000031ac: $ 8 <= 0000006f
@000031b0: $ 9 <= 000031ac
@000031bc: $10 <= 0000321b
@000031c0: $ 8 <= 0000006f
@000031c4: $ 9 <= 0000321b
@000031d0: $ 8 <= 0000321b
@000031d4: $ 4 <= 00000000
@000031e0: $ 8 <= 0000006f
@000031e4: $ 8 <= 0000006f
@000031e8: $ 4 <= 00000000
@000031f4: *00000000 <= 0000006f
@000031f8: $ 9 <= 0000321b
@000031fc: $10 <= 0000321b
@00003214: $ 9 <= 0000322c
@00003218: $10 <= 0000322c
@0000322c: $ 9 <= 0000322d
@00003230: $ 8 <= 00000000
@00003234: $ 9 <= 0000006f
@00003240: $10 <= 0000006f
@00003244: $ 9 <= 0000006f
@00003248: $ 8 <= 00000000
@0000324c: $ 9 <= 0000006f
@00003258: $ 8 <= 0000006f
@0000325c: $ 8 <= 00000000
@00003260: $ 9 <= 0000006f
@0000326c: $ 9 <= 00000000
@00003270: $ 8 <= 0000006f
@00003274: $ 8 <= 00000000
@00003278: $ 9 <= 0000006f
@00003284: $ 9 <= 00000000
@00003288: *00000000 <= 00000000
@0000328c: $ 9 <= 00000001
@00003290: $ 8 <= 00000000
@00003294: $ 9 <= 00000000
@00003298: $10 <= 00000000
@000032ac: $ 8 <= 00000000
@000032b0: $10 <= 000032cc
@000032b4: *00000000 <= 000032cc
@000032b8: $ 9 <= 000032cc
@000032cc: $ 8 <= 0000000b
@000032d0: $31 <= 000032d8
@000032e0: $ 8 <= 0000000b
@000032e4: $31 <= 000032ec
@000032f4: $ 4 <= 00003000
@000032f8: $31 <= 00003300
@000032fc: $31 <= 00000300
@00003304: $ 9 <= 00000000
@00003308: $ 9 <= 00000001
@0000330c: $ 4 <= 00003000
@00003310: $31 <= 00003318
@00003314: $31 <= 00000318
@0000331c: *00000318 <= 00000001
@00003320: $ 8 <= 0000000b
@00003324: $31 <= 0000332c
@00003328: $ 8 <= 0000332c
@0000332c: $ 8 <= 0000000b
@00003330: $ 9 <= 000032d7
@00003338: $10 <= 000032e2
@0000333c: $ 8 <= 0000006f
@00003340: $ 4 <= 0000006f
@00003348: *00000000 <= 0000006f
@0000334c: $ 9 <= 00000001
@00003350: $10 <= 00000001
@00003364: $ 8 <= 0000000b
@00003368: $ 9 <= 00000001
@00003370: $10 <= 0000000c
@00003374: $ 4 <= 0000006f
@0000337c: *00000000 <= 0000006f
@00003380: $ 9 <= 00000001
@00003384: $10 <= 00000001
@00003398: $ 8 <= 0000000b
@0000339c: $31 <= 000033a4
@000033a8: $ 9 <= 00000001
@000033ac: $ 4 <= 00003000
@000033b0: $31 <= 000033b8
@000033b4: $31 <= 000003b8
@000033b8: *00000000 <= 000003b8
@000033bc: $ 8 <= 0000000b
@000033c0: $ 9 <= 0000000c
@000033cc: $10 <= 00000017
@000033d0: $ 8 <= 0000006f
@000033d4: $ 4 <= 00000000
@000033e0: *00000000 <= 00000000
@000033e4: $ 9 <= 00000001
@000033e8: $10 <= 00000001
@00003400: $ 8 <= 0000000b
@00003404: $ 9 <= 00000001
@00003410: $10 <= 0000000c
@00003414: $ 8 <= 0000006f
@00003418: $ 4 <= 00000000
@00003424: *00000000 <= 00000000
@00003428: $ 9 <= 00000001
@0000342c: $10 <= 00000001
@00003444: $ 9 <= 00000001
@00003448: $ 8 <= 00000000
@0000344c: $ 9 <= 00000000
@00003458: $10 <= 00000000
@0000345c: $ 8 <= 00000000
@00003460: $ 9 <= 00000000
@0000346c: *00000000 <= 00000000
@00003470: $ 9 <= 00000001
@00003474: $ 8 <= 00000000
@00003478: $ 9 <= 00000000
@0000347c: $10 <= 00000000
@00003490: $ 8 <= 0000000b
@00003494: $31 <= 0000349c
@000034a4: $ 9 <= 00000001
@000034a8: $ 4 <= 00003000
@000034ac: $31 <= 000034b4
@000034b0: $31 <= 000004b4
@000034b8: *00000000 <= 000004b4
@000034bc: $10 <= 0000006f
@000034c0: $ 9 <= 0000006f
@000034c4: $12 <= 0000006f
@000034c8: $10 <= 0000006f
@000034cc: $12 <= 0000006f
@000034d0: $10 <= 0000006f
@000034d4: $ 9 <= 0000006f
@000034d8: $ 9 <= 00000000
@000034dc: $10 <= 000004b4
@000034e0: $ 9 <= 000004b4
@000034e4: $ 9 <= 00000000
@000034e8: *00000000 <= 000004b4
@000034ec: $10 <= 0000006f
@000034f0: $ 9 <= 0000006f
@000034f4: $12 <= 0000006f
@000034f8: $10 <= 0000006f
@000034fc: $12 <= 0000006f
@00003500: $ 9 <= 0000006f
@00003504: $ 9 <= 00000000
@00003508: $10 <= 000004b4
@0000350c: $ 9 <= 000004b7
@00003510: $ 9 <= 00000000
@00003514: *00000000 <= 000004b4
@00003518: $31 <= 00003520
@0000351c: $ 9 <= 0000306c
@00003520: $31 <= 00003528
@00003524: $24 <= 000b0000
@00003528: $31 <= 00003530
@00003530: $31 <= 00003538
@00003534: *00000000 <= 00000000
@00003538: $10 <= 0000006f
@0000353c: $ 9 <= 0000006f
@00003544: $12 <= 0000006f
@00003548: $10 <= 0000006f
@0000354c: $12 <= 0000006f
@00003554: $10 <= 0000006f
@00003558: $ 9 <= 0000006f
@00003560: $ 9 <= 00000000
@00003564: $10 <= 00000000
@00003568: $ 9 <= 00000000
@00003570: *00000000 <= 00000000
@00003574: $10 <= 0000006f
@00003578: $ 9 <= 0000006f
@00003580: $12 <= 0000006f
@00003584: $10 <= 0000006f
@0000358c: $12 <= 0000006f
@00003590: $ 9 <= 0000006f
@00003598: $ 9 <= 00000000
@0000359c: $10 <= 00000000
@000035a0: $ 9 <= 00000003
@000035a8: $ 9 <= 00000000
@000035ac: *00000000 <= 00000000
@000035b0: $ 9 <= 00000001
@000035b4: $ 8 <= 00000000
@000035b8: $ 9 <= 00000000
@000035c0: $10 <= 00000000
@000035c4: $ 9 <= 00000001
@000035c8: $ 8 <= 00000000
@000035cc: $ 9 <= 00000000
@000035d4: $ 8 <= 00000001
@000035d8: $ 8 <= 00000000
@000035dc: $ 9 <= 00000000
@000035e4: $ 8 <= 00000000
@000035e8: $ 8 <= 00000000
@000035ec: $ 9 <= 00000000
@000035f4: *00000000 <= 00000000
@000035f8: $31 <= 00003600
@00003600: $ 9 <= 00003600
@00003604: $31 <= 0000360c
@0000360c: $31 <= 006f0000
@00003610: $ 9 <= 00003000
@00003614: $31 <= 0000361c
@00003618: $31 <= 0000061c
@00003618: $31 <= ffffd61c
@00003620: $ 9 <= 00003000
@00003624: $31 <= 0000362c
@00003628: $31 <= 0000062c
@00003628: $31 <= ffffd62c
@0000362c: *00000000 <= 00000000
@00003630: $10 <= 0000006f
@00003634: $ 9 <= 0000006f
@00003638: $12 <= ffffff91
@0000363c: $ 9 <= 0000006f
@00003640: $10 <= 00000000
@00003644: *00000000 <= 0000006f
@00003648: $10 <= 0000006f
@0000364c: $ 9 <= 0000006f
@00003650: $12 <= ffffff91
@00003654: $ 9 <= 0000006f
@00003658: $ 9 <= 00000000
@0000365c: *00000000 <= 00000000
@00003660: $31 <= 00003668
@00003664: $ 9 <= ffffca07
@00003668: $31 <= 00003670
@0000366c: *00000000 <= 00003670
@00003670: $10 <= 0000006f
@00003674: $ 9 <= 0000006f
@0000367c: $12 <= ffffff91
@00003680: $ 9 <= 0000006f
@00003688: $10 <= 00000000
@0000368c: *00000000 <= 0000006f
@00003690: $10 <= 0000006f
@00003694: $ 9 <= 0000006f
@0000369c: $12 <= ffffff91
@000036a0: $ 9 <= 0000006f
@000036a8: $10 <= 00000000
@000036ac: *00000000 <= 0000006f
@000036b0: $ 9 <= 00000001
@000036b4: $ 8 <= 00000000
@000036b8: $ 9 <= 0000006f
@000036c0: $10 <= 0000006f
@000036c4: $ 8 <= 00000000
@000036c8: $ 9 <= 0000006f
@000036d0: *00000000 <= 0000006f
@000036d4: $31 <= 000036dc
@000036dc: $ 9 <= ffffc993
@000036e0: $ 9 <= 00003000
@000036e4: $31 <= 000036ec
@000036e8: $31 <= 000006ec
@000036ec: *00000000 <= 000006ec
@000036f0: $10 <= 0000000a
@000036f4: $ 9 <= 0000000a
@000036f8: *00000000 <= 0000000a
@000036fc: $10 <= 0000000a
@00003700: $ 9 <= 0000000a
@00003704: *00000000 <= 0000000a
@00003708: $10 <= 0000000a
@0000370c: $10 <= 0000000a
@00003710: *00000000 <= 0000000a
@00003714: $10 <= 0000000a
@00003718: $31 <= 00003720
@0000371c: *00000000 <= 00003720
@00003720: $16 <= 00000001
@00003724: $17 <= 00000001
@00003734: $16 <= 00000001
@00003738: $17 <= 00000003
@00003748: $16 <= 0000000a
@0000374c: $17 <= 00003720
@0000375c: $16 <= 0000000a
@00003760: $17 <= 00003720
@00003770: $ 8 <= 00000000
@00003774: $10 <= 00003720
@00003778: $10 <= 00006e40
@0000377c: $10 <= 00003720
@00003780: $10 <= 00003764
@00003784: $10 <= 00003720
@00003788: $10 <= 00000000
@0000378c: $11 <= 00003720
@00003790: $10 <= 00003720
@00003794: $10 <= 00000000
@00003798: *00000000 <= 00003720
@0000379c: $11 <= 0000300c
@000037a0: $ 1 <= 00000000
@000037a4: $ 1 <= 000037b4
@000037a8: $10 <= 000037b4
@000037b4: $11 <= 000037c4
@000037b8: $10 <= 000037c4
@000037c4: $11 <= 000037d8
@000037c8: *00000000 <= 000037d8
@000037cc: $10 <= 000037d8
@000037d8: $11 <= 000037f0
@000037dc: *00000000 <= 000037f0
@000037e0: $10 <= 000037f0
@000037f0: $ 9 <= 0000000b
