@0000300c: $15 <= 00000c8d
@00003020: $15 <= 00000c8d
@00003028: $15 <= 00000c8d
@00003028: $15 <= 00000c8d
