@00003000: $28 <= 00000000
@00003004: $29 <= 00000000
@00003008: $ 3 <= 00000000
@0000300c: *00000008 <= 00000000
@00003010: $22 <= 00000000
@00003014: $ 3 <= 00000000
@00003018: $22 <= 00000000
@0000301c: $22 <= 00000000
@00003020: *00000008 <= 00000000
@00003028: $28 <= 00000000
@00003030: $28 <= 00003a58
@00003034: $22 <= ffffc5a8
@00003038: $28 <= 00000000
@0000303c: $ 3 <= 00000000
@00003040: $31 <= 00003048
@00003044: $22 <= 00000010
@0000304c: $22 <= 00003058
@00003058: $28 <= 0000747a
@0000305c: $28 <= 43500000
@00003064: $ 3 <= 0000fb7b
@00003068: $22 <= 00000000
@0000306c: $ 3 <= 00000000
@00003070: $31 <= 00003078
@00003074: $22 <= 00000010
@0000307c: $22 <= 00003088
@00003088: $28 <= c2d40000
@00003090: $28 <= 00000000
@0000309c: $22 <= ffffcf78
@000030a0: $ 3 <= 97000000
@000030a4: $28 <= 68ffcf78
@000030a8: $22 <= ffffcf7a
@000030ac: $22 <= 00000000
@000030b0: $22 <= 00000000
@000030b4: $ 3 <= ffffcf78
@000030b8: $28 <= 00000000
@000030bc: $28 <= 00000000
@000030c0: $28 <= 00000000
@000030c4: $22 <= 00000b39
@000030cc: $28 <= 00008815
@000030d4: $28 <= 00000000
@000030d8: $ 3 <= 00000000
@000030dc: $22 <= 00000000
@000030e0: $31 <= 000030e8
@000030e4: $28 <= 00000010
@000030ec: $28 <= 000030f8
@000030f8: $ 3 <= ffffcf08
@000030fc: $28 <= 00000000
@00003100: $ 3 <= 00000000
@00003108: $28 <= 00000000
@00003118: $22 <= 22d50000
@0000311c: $22 <= 00000000
@00003120: $28 <= 00000000
@00003124: $22 <= 00000000
@00003128: *00000008 <= 00000000
@0000312c: $22 <= 00000000
@00003130: $ 3 <= 00000000
@00003134: $28 <= 00000000
@00003138: $28 <= 00000000
@0000313c: $22 <= 00001f93
@00003140: $22 <= 586e0000
@00003144: $22 <= 586e0000
@00003148: $22 <= b0dc0000
@0000314c: $22 <= 00000000
@00003154: $28 <= 00006b03
@0000315c: $22 <= 00000000
@00003160: $28 <= 00000000
@00003164: $28 <= 00000000
@00003168: *00000000 <= 00000000
@0000316c: $ 3 <= 00000000
@00003170: *00000004 <= 00000000
@00003174: $22 <= 00000000
@00003178: *00000008 <= 00000000
@0000317c: $28 <= 0000c343
@00003180: $22 <= 00000000
@00003184: *00000008 <= 00000000
@0000318c: $28 <= 52ca0000
@00003194: $ 3 <= 00000000
@00003198: *00000008 <= 00000000
@0000319c: $28 <= 00000000
@000031a0: *0000000c <= 00000000
@000031a8: $ 3 <= 00000000
@000031b4: $28 <= 00000000
@000031b8: $28 <= 00007abd
@000031bc: $28 <= 00000000
@000031c0: $ 3 <= 00000000
@000031c4: $28 <= cd720000
@000031cc: $22 <= 00000000
@000031d8: $ 3 <= b9690000
@000031dc: $28 <= ebf70000
@000031e4: $ 3 <= ebf70000
@000031e8: $28 <= 00000000
@000031ec: *0000000c <= ebf70000
@000031f0: $ 3 <= 00000000
@000031f4: *00000004 <= 00000000
@000031f8: $22 <= 00000000
@000031fc: $22 <= 00000000
@00003200: $22 <= 00000000
@00003204: $ 3 <= 00000000
@00003208: $28 <= 00000000
@0000320c: $28 <= 00000000
@00003210: $ 3 <= 00000000
@00003218: $22 <= 14d10000
@00003220: $28 <= 00000000
@00003224: *00000008 <= 14d10000
@00003228: $ 3 <= b03d0000
@0000322c: $22 <= 00000000
@00003230: $ 3 <= 00000000
@00003234: *00000000 <= 00000000
@0000323c: $22 <= 00000000
@00003248: $22 <= 00000000
@0000324c: $ 3 <= 00000000
@00003250: $ 3 <= 00000000
@00003254: $22 <= 0000990e
@00003258: $28 <= 00000000
@0000325c: $ 3 <= ebf70000
@00003264: $28 <= b82c0000
@0000326c: $28 <= b82c1c5e
@00003270: $22 <= 00000000
@00003274: *00000004 <= 00000000
@00003278: $28 <= 14090000
@00003280: $28 <= 00000000
@0000328c: $22 <= 00000000
@00003290: $ 3 <= 00000000
@00003294: $28 <= ebf70000
@0000329c: $ 3 <= 00000000
@000032a8: $28 <= 00000000
@000032ac: $28 <= 14d10000
@000032b0: $28 <= 50bc0000
@000032b4: $28 <= 00000000
@000032b8: $ 3 <= 00000000
@000032bc: $28 <= 45c90000
@000032c0: $28 <= 00000000
@000032c4: $22 <= 00000000
@000032c8: $22 <= 00000000
@000032cc: $28 <= 0000a281
@000032d0: $28 <= 00000000
@000032d4: *0000000c <= 00000000
@000032d8: $22 <= 00000000
@000032dc: *00000004 <= 00000000
@000032e0: $31 <= 000032e8
@000032e4: $28 <= 00000010
@000032ec: $28 <= 000032f8
@000032fc: $ 3 <= 0000c0d8
@00003304: $ 3 <= ffffcd08
@00003308: $28 <= 00000000
@0000330c: $22 <= 00000000
@00003310: $22 <= 00000000
@00003314: $31 <= 0000331c
@00003318: $28 <= 00000010
@00003320: $28 <= 0000332c
@00003330: $ 3 <= 1de90000
@00003334: $28 <= 00000000
@00003338: $28 <= 00000000
@0000333c: $22 <= 9f540000
@00003344: $28 <= 9f54a6f7
@00003350: $28 <= 1de90af8
@00003354: $28 <= 3bd215f0
@00003358: $22 <= 816b0000
@0000335c: $28 <= 00000000
@00003360: *00000008 <= 816b0000
@00003364: $28 <= 7e950000
@00003368: $31 <= 00003370
@0000336c: $28 <= 00000010
@00003374: $28 <= 00003380
@00003380: $ 3 <= d18a0000
@00003388: $22 <= 00000000
@00003398: $22 <= 00000000
@0000339c: $ 3 <= 816b0000
@000033a0: $22 <= 00000000
@000033a4: $ 3 <= 816bfccf
@000033a8: $31 <= 000033b0
@000033ac: $22 <= 00000010
@000033b4: $22 <= 000033c0
@000033c0: $28 <= 00000000
@000033c4: *00000000 <= 00000000
@000033c8: $ 3 <= 00002349
@000033cc: $22 <= 2fe60000
@000033d0: $31 <= 000033d8
@000033d4: $22 <= 00000010
@000033dc: $22 <= 000033e8
@000033ec: $ 3 <= 00000000
@000033f4: $22 <= 00000000
@000033f8: $28 <= 00000000
@000033fc: $28 <= 00003bdb
@00003404: $28 <= de8a0000
@0000340c: $ 3 <= 00000000
@00003410: *00000000 <= de8a0000
@00003418: $22 <= 00000000
@00003428: $ 3 <= 0000b070
@0000342c: $ 3 <= 5ff00000
@00003430: $ 3 <= 00000000
@00003434: $22 <= 00000000
@00003438: $31 <= 00003440
@0000343c: $28 <= 00000010
@00003444: $28 <= 00003450
@00003450: $ 3 <= 9dc30000
@00003454: $28 <= 9dc33450
@00003458: $28 <= 00000000
@0000345c: $22 <= 816b0000
@00003460: $22 <= 00003ac0
@00003468: $ 3 <= 9dc30000
@00003470: $ 3 <= 00000000
@00003474: *00000004 <= 00000000
@00003478: $22 <= 00000000
@0000347c: *00000008 <= 00000000
@00003480: $22 <= 00000000
@00003484: $ 3 <= 00000000
@0000348c: $ 3 <= 00000000
@00003498: $ 3 <= 00000000
@0000349c: $31 <= 000034a4
@000034a0: $28 <= 00000010
@000034a8: $28 <= 000034b4
@000034b4: $28 <= 62890000
@000034bc: $22 <= 00000000
@000034c8: $28 <= 00000000
@000034cc: $ 3 <= a7750000
@000034d0: $22 <= 00000000
@000034d4: *0000000c <= 00000000
@000034d8: $31 <= 000034e0
@000034dc: $22 <= 00000010
@000034e4: $22 <= 000034f0
@000034f4: $22 <= 00000000
@00003500: $ 3 <= 00000000
@00003504: *00000008 <= 00000000
@00003508: $ 3 <= 00000000
@00003510: $22 <= 00001bbf
@0000351c: $22 <= 25030000
@00003520: $22 <= 00000000
@00003524: $22 <= 00000000
@00003528: $22 <= 00000000
@0000352c: $31 <= 00003534
@00003530: $28 <= 00000010
@00003538: $28 <= 00003544
@00003544: $31 <= 0000354c
@00003548: $ 3 <= 00000010
@00003550: $ 3 <= 0000355c
@0000355c: $31 <= 00003564
@00003560: $ 3 <= 00000010
@00003568: $ 3 <= 00003574
@00003574: $22 <= 00000000
@00003578: *00000004 <= 00003574
@00003580: $22 <= 00000000
@0000358c: $ 3 <= 00000000
@00003590: $22 <= 00003544
@00003594: $28 <= 00000000
@00003598: $28 <= 00000000
@0000359c: $31 <= 000035a4
@000035a0: $22 <= 00000010
@000035a8: $22 <= 000035b4
@000035b8: $22 <= 61950000
@000035c0: $28 <= 9e650000
@000035c4: $ 3 <= 10d50000
@000035c8: $28 <= fffa0000
@000035cc: $22 <= d5c40000
@000035d0: $22 <= d5c4c04d
@000035d4: $28 <= d5bec04d
@000035d8: $28 <= 00000000
@000035dc: $28 <= 00003574
@000035e0: $22 <= 00000000
@000035e4: $22 <= 00003574
@000035ec: $ 3 <= 00000000
@000035f0: *0000000c <= 00000000
@000035f4: $ 3 <= 762b0000
@000035f8: $22 <= e9aa0000
@000035fc: $28 <= 0ba10000
@00003600: $ 3 <= e1cc0000
@00003604: $28 <= ed6d0000
@00003608: $ 3 <= 00000000
@0000360c: $28 <= 00000000
@00003614: $28 <= e9aa0000
@00003620: $22 <= e9aac761
@00003624: $28 <= 254d0000
@00003628: $22 <= 00000000
@0000362c: $ 3 <= 254d0000
@00003630: $ 3 <= 00000000
@00003634: $22 <= 00000000
@00003638: $22 <= dab30000
@0000363c: $22 <= 00000000
@00003640: *00000004 <= 00000000
@00003644: $28 <= 54730000
@00003648: $28 <= 54730000
@00003650: $28 <= 54737207
@00003658: $28 <= 0000b732
@0000365c: $28 <= 0000b732
@00003664: $22 <= 00000000
@0000366c: $22 <= 00016e64
@00003670: $22 <= 00016e64
@00003674: $31 <= 0000367c
@00003678: $ 3 <= 00000010
@00003680: $ 3 <= 0000368c
@00003690: $28 <= a0ad0000
@00003698: $22 <= e1130000
@0000369c: $28 <= 00000000
@000036a0: $28 <= 00000000
@000036a4: $28 <= 00006d18
@000036a8: $28 <= e112c974
@000036ac: $22 <= 00000000
@000036b0: $28 <= 00000000
@000036b4: $ 3 <= 00000000
@000036bc: $ 3 <= 0000c440
@000036c8: $ 3 <= 00000000
@000036cc: $ 3 <= 00000000
@000036d4: $22 <= 00000000
@000036dc: $ 3 <= 00000000
@000036e0: $22 <= 00000000
@000036e4: $ 3 <= 0000a3ef
@000036e8: $28 <= 0000a7ef
@000036f0: $ 3 <= 00000000
@000036fc: $22 <= 00009f85
@00003704: $22 <= 831d0000
@00003708: $ 3 <= 063a0000
@0000370c: $28 <= 00000000
@00003710: $ 3 <= de8a0000
@00003714: $ 3 <= 0000cfe7
@00003718: $ 3 <= 0000dfef
@00003720: $22 <= 00000000
@0000372c: $22 <= 00000000
@00003730: *00000004 <= 00000000
@00003734: $ 3 <= b2d00000
@0000373c: $22 <= 00000000
@00003740: *00000008 <= 00000000
@00003744: $ 3 <= 00006240
@00003748: $28 <= 00006948
@0000374c: $31 <= 00003754
@00003750: $ 3 <= 00000010
@00003758: $ 3 <= 00003764
@00003764: $28 <= 00000000
@00003768: *00000008 <= 00000000
@0000376c: $31 <= 00003774
@00003770: $22 <= 00000010
@00003778: $22 <= 00003784
@00003784: $28 <= 00000000
@00003788: *0000000c <= 00000000
@0000378c: $ 3 <= 000009cf
@00003790: $28 <= 00000000
@00003794: $ 3 <= 00000000
@00003798: $28 <= 00000000
@0000379c: *0000000c <= 00000000
@000037a0: $28 <= 00000000
@000037a4: $ 3 <= de8a0000
@000037ac: $22 <= de8aa2f5
@000037b4: $28 <= 0000a2f5
@000037b8: $ 3 <= 00000000
@000037bc: *00000004 <= 00000000
@000037c0: $31 <= 000037c8
@000037c4: $ 3 <= 00000010
@000037cc: $ 3 <= 000037d8
@000037d8: $31 <= 000037e0
@000037dc: $28 <= 00000010
@000037e4: $28 <= 000037f0
@000037f4: $ 3 <= 00000000
@00003804: $22 <= 0000f7f1
@00003808: $28 <= 00000000
@0000380c: $22 <= 00000000
@00003810: $22 <= 00004fcc
@00003814: $31 <= 0000381c
@00003818: $22 <= 00000010
@00003820: $22 <= 0000382c
@00003830: $28 <= 00000000
@0000383c: $22 <= 000036f5
@00003840: $ 3 <= 00000000
@00003848: $28 <= 000076fd
@00003854: $28 <= 5c480000
@00003858: $ 3 <= 00003eff
@0000385c: $28 <= 000075f4
@00003864: $28 <= 00000000
@00003868: $ 3 <= 00000000
@0000386c: $28 <= 00000000
@00003870: $22 <= 00006dea
@00003874: $ 3 <= 00000000
@00003878: *00000008 <= 00000000
@0000387c: $ 3 <= 000050a6
@00003884: $28 <= 0000efea
@0000388c: $ 3 <= 00014090
@00003894: $28 <= 0002307a
@0000389c: $28 <= 0001ae7a
@000038a0: $ 3 <= 0001ae7a
@000038a4: $22 <= 0001bf7f
@000038a8: $31 <= 000038b0
@000038ac: $28 <= 00000010
@000038b4: $28 <= 000038c0
@000038c0: $22 <= 00000000
@000038c4: *00000004 <= 000038c0
@000038c8: $28 <= afcc0000
@000038cc: $ 3 <= 11f30000
@000038d0: $ 3 <= c1bf0000
@000038d8: $28 <= 00000000
@000038e4: $28 <= 5f460000
@000038ec: $ 3 <= 21050000
@000038f8: $22 <= 00000000
@000038fc: $28 <= 00000000
@00003900: $28 <= defb0000
@00003908: $22 <= 21050000
@00003910: $28 <= defbdf39
@00003918: $22 <= defbdfbd
@00003920: $28 <= bdf7bef6
@00003924: $ 3 <= defcbef6
@00003928: $ 3 <= 00000000
@0000392c: *00000000 <= 00000000
@00003934: $28 <= bdf7bf7a
@0000393c: $ 3 <= 00000000
@00003940: $ 3 <= 00000000
@00003944: $ 3 <= 00000000
@00003948: $22 <= cc8c0000
@0000394c: $ 3 <= ee700000
@00003950: $28 <= 99180000
@00003954: $22 <= 00000000
@00003958: $ 3 <= 55580000
@0000395c: $22 <= 00003fd0
@00003960: $28 <= 9918c65d
@00003964: $28 <= 00000000
@00003968: *00000008 <= 00000000
@0000396c: $22 <= 00000000
@00003970: $ 3 <= 00000000
@00003974: *00000008 <= 00000000
@0000397c: $ 3 <= 00000000
@0000398c: $28 <= 000067ae
@00003990: $31 <= 00003998
@00003994: $ 3 <= 00000010
@0000399c: $ 3 <= 000039a8
@000039a8: $28 <= 00006ffe
@000039ac: $22 <= 00006ffe
@000039b4: $ 3 <= 0000dffc
@000039bc: $ 3 <= 1b250000
@000039c4: $ 3 <= 00000000
@000039d0: $22 <= 00006ffe
@000039d8: $28 <= 0000dffc
@000039e0: $ 3 <= 00000000
@000039e4: $ 3 <= 00000000
@000039e8: $22 <= 0000dffc
@000039ec: $31 <= 000039f4
@000039f0: $22 <= 00000010
@000039f8: $22 <= 00003a04
@00003a04: $28 <= d99b0000
@00003a08: $22 <= 073e0000
@00003a0c: $ 3 <= 00000000
@00003a10: *0000000c <= 00000000
@00003a14: $22 <= 00000000
@00003a18: $28 <= 00000000
@00003a1c: $28 <= 00870000
@00003a20: $22 <= 00000000
@00003a24: $28 <= 00000000
@00003a28: *0000000c <= 00000000
@00003a2c: $31 <= 00003a34
@00003a30: $28 <= 00000010
@00003a38: $28 <= 00003a44
@00003a48: $22 <= 0000bfe6
@00003a4c: $ 3 <= 00000000
@00003a50: $28 <= 00000000
@00003a54: $22 <= 00000000
@00003a58: $ 3 <= 000057e2
@00003a5c: $31 <= 00003a64
@00003a60: $28 <= 00000010
@00003a68: $28 <= 00003a74
@00003a74: $22 <= 0000dff7
@00003a78: $22 <= 0000ffff
@00003a80: $ 3 <= 00001d6e
@00003a88: $ 3 <= 00000000
@00003a8c: *00000000 <= 00000000
@00003a94: $ 3 <= 00000000
@00003a98: $ 3 <= 00000000
@00003a9c: $28 <= 00000000
@00003aa0: $ 3 <= 00000000
@00003aa4: $28 <= 00000000
@00003aa8: $28 <= 00000000
@00003aac: *0000000c <= 00000000
@00003ab0: $ 3 <= 000055b0
@00003ab8: $22 <= 00000000
@00003ac4: $ 3 <= 00007ff4
@00003ac8: $28 <= 0000410d
@00003acc: $31 <= 00003ad4
@00003ad0: $28 <= 00000010
@00003ad8: $28 <= 00003ae4
@00003ae4: $22 <= 0000ffff
@00003ae8: $31 <= 00003af0
@00003aec: $22 <= 00000010
@00003af4: $22 <= 00003b00
@00003b00: $ 3 <= 00000000
@00003b04: *00000000 <= 00003b00
@00003b0c: $28 <= 15a10000
@00003b14: $22 <= 00000000
@00003b18: $22 <= 00000000
@00003b1c: $ 3 <= 708d0000
@00003b20: $28 <= 00000000
@00003b24: *00000000 <= 00000000
@00003b28: $28 <= 00000000
@00003b2c: $22 <= 00000000
@00003b30: $22 <= 00000000
@00003b34: $31 <= 00003b3c
@00003b38: $22 <= 00000010
@00003b40: $22 <= 00003b4c
@00003b4c: $ 3 <= 00000000
@00003b50: $ 3 <= 00000000
@00003b58: $ 3 <= 00000000
@00003b64: $28 <= 00000000
@00003b68: $28 <= 00000000
@00003b70: $22 <= 00000000
@00003b7c: $22 <= 00000000
@00003b80: $ 3 <= 00000000
@00003b84: $28 <= 00000000
@00003b88: $22 <= 000038c0
@00003b8c: $22 <= 000038c0
@00003b90: $ 3 <= 00000000
@00003b94: $28 <= 00000000
@00003b9c: $22 <= 00000000
@00003ba8: $28 <= 00000000
@00003bac: *00000000 <= 00000000
@00003bb0: $ 3 <= a4200000
@00003bb4: $ 3 <= afad0000
@00003bb8: $28 <= 00000000
@00003bbc: $ 3 <= 0000fc97
@00003bc0: $ 3 <= 27f30000
@00003bc4: $ 3 <= 4fe60000
@00003bcc: $ 3 <= 0000fbcd
@00003bd0: $ 3 <= 00000000
@00003bd4: *0000000c <= 00000000
@00003bd8: $ 3 <= 00620000
@00003bdc: $28 <= ff9e0000
@00003be0: $ 3 <= 13570000
@00003be4: $28 <= 08bd0000
@00003bec: $ 3 <= 0a9a0000
@00003bf4: $22 <= fe230000
@00003bf8: $ 3 <= 00000000
@00003bfc: *00000004 <= 08bd0000
@00003c00: $ 3 <= 0000dbba
@00003c08: $28 <= 08bddbba
@00003c10: $ 3 <= 08bddbfb
@00003c14: $31 <= 00003c1c
@00003c18: $ 3 <= 00000010
@00003c20: $ 3 <= 00003c2c
@00003c2c: $ 3 <= 00000000
@00003c30: *00000008 <= fe230000
@00003c34: $28 <= 00000000
@00003c38: $28 <= fe230000
@00003c40: $22 <= 76270000
@00003c48: $28 <= 7627b8bf
@00003c4c: $22 <= 00000000
@00003c50: *00000000 <= 00000000
@00003c54: $ 3 <= 0000b1a0
@00003c58: $28 <= 76286a5f
@00003c5c: $31 <= 00003c64
@00003c60: $28 <= 00000010
@00003c68: $28 <= 00003c74
@00003c78: $22 <= 00000000
@00003c7c: $22 <= 08bd0000
@00003c80: $ 3 <= 0000f1a8
@00003c84: $28 <= 0000fbbd
@00003c88: $31 <= 00003c90
@00003c8c: $28 <= 00000010
@00003c94: $28 <= 00003ca0
@00003ca0: $28 <= 08bd253f
@00003ca4: $31 <= 00003cac
@00003ca8: $28 <= 00000010
@00003cb0: $28 <= 00003cbc
@00003cc0: $28 <= 08bdb167
@00003ccc: $22 <= 0000b167
@00003cd4: $ 3 <= 00000000
@00003ce4: $28 <= 08bd0000
@00003cec: $ 3 <= 00000000
@00003cf0: *00000008 <= 00000000
@00003cf4: $28 <= 00000000
@00003cf8: *00000008 <= 00000000
@00003cfc: $22 <= 00000000
@00003d00: $22 <= 00000000
@00003d04: $28 <= 00000000
@00003d08: $22 <= 00000000
@00003d0c: $22 <= 00000000
@00003d10: $22 <= 00000000
@00003d14: $28 <= 00000000
@00003d18: *00000008 <= 00000000
@00003d1c: $22 <= 00000000
@00003d20: $22 <= 00000000
@00003d24: *0000000c <= 00000000
@00003d2c: $ 3 <= 00000000
@00003d38: $28 <= 00000000
@00003d3c: $ 3 <= 00000000
@00003d40: $22 <= 00000000
@00003d44: *00000004 <= 00000000
@00003d4c: $28 <= 000047df
@00003d54: $22 <= 00000000
@00003d58: *00000004 <= 00000000
@00003d5c: $22 <= 00000000
@00003d60: *00000008 <= 00000000
@00003d68: $ 3 <= 00004fa9
@00003d70: $28 <= 00000000
@00003d74: $28 <= 00000000
@00003d7c: $22 <= 000031c7
@00003d88: $ 3 <= 0000b7ef
@00003d90: $28 <= 00003fd7
@00003d94: $28 <= a7f60000
@00003d98: $ 3 <= 00000000
@00003d9c: $ 3 <= 00000000
@00003da0: $28 <= 9f7f0000
@00003da4: $31 <= 00003dac
@00003da8: $22 <= 00000010
@00003db0: $22 <= 00003dbc
@00003dbc: $22 <= 00000000
@00003dc0: *00000008 <= 00000000
@00003dc4: $28 <= 3efe0000
@00003dc8: $22 <= 00000000
@00003dcc: $22 <= 00000000
@00003dd0: $28 <= a86c0000
@00003dd4: $ 3 <= 00000000
@00003dd8: $31 <= 00003de0
@00003ddc: $28 <= 00000010
@00003de4: $28 <= 00003df0
@00003df0: $28 <= 00007ff5
@00003df4: $22 <= 3ba60000
@00003dfc: $22 <= c45a0000
@00003e08: $22 <= 189a0000
@00003e0c: $28 <= 189a2f0f
@00003e10: $28 <= 10bf0000
@00003e14: $22 <= 00000000
@00003e18: $ 3 <= 0000c1f4
@00003e1c: $28 <= 00000000
@00003e20: $ 3 <= 00000000
@00003e24: $22 <= 00005245
@00003e28: $22 <= 0000a48a
@00003e2c: $22 <= 00000000
@00003e30: $22 <= 00000000
@00003e38: $28 <= 00000000
@00003e44: $ 3 <= 00000000
@00003e48: $28 <= 000087c2
@00003e4c: $31 <= 00003e54
@00003e50: $ 3 <= 00000010
@00003e58: $ 3 <= 00003e64
@00003e64: $22 <= 00000000
@00003e68: *00000004 <= 00003e64
@00003e6c: $ 3 <= f83f0000
@00003e70: $31 <= 00003e78
@00003e74: $22 <= 00000010
@00003e7c: $22 <= 00003e88
@00003e88: $31 <= 00003e90
@00003e8c: $22 <= 00000010
@00003e94: $22 <= 00003ea0
@00003ea0: $22 <= 1f4c0000
@00003ea8: $28 <= 00000000
@00003eac: *00000004 <= 00000000
@00003eb0: $22 <= 1f4c0000
@00003eb4: $28 <= c3920000

