@00003000: $28 <= 00000000
@00003004: $29 <= 00000000
@00003008: $ 8 <= b9b70000
@0000300c: $ 8 <= b9b70000
@00003010: $ 4 <= 736e0000
@00003014: $31 <= 0000301c
@00003018: $ 4 <= 00000010
@00003020: $ 4 <= 0000302c
@0000302c: $31 <= 00003034
@00003030: $ 1 <= 00000010
@00003038: $ 1 <= 00003044
@00003044: $ 1 <= b9b7746d
@00003048: $ 8 <= 000071be
@0000304c: $ 4 <= 0000ffff
@00003054: $ 8 <= b9b7e62b
@0000305c: $ 8 <= 00000000
@00003064: $ 1 <= 000035a0
@0000306c: $ 8 <= 0000f5e7
@00003074: $ 8 <= 00000000
@00003080: $ 4 <= 00000000
@00003084: $ 4 <= 00000000
@00003088: $ 1 <= 52c20000
@0000308c: $ 8 <= 00000000
@00003090: $ 1 <= 00000000
@00003098: $ 4 <= 00000000
@000030a8: $ 1 <= 00000000
@000030b0: $ 8 <= 0000d997
@000030bc: $ 8 <= 00000000
@000030c0: *0000000c <= 00000000
@000030c4: $ 1 <= 00002367
@000030c8: $ 4 <= 00000000
@000030cc: *00000000 <= 00000000
@000030d0: $ 4 <= 00002367
@000030d8: $ 8 <= 0000215d
@000030e0: $ 4 <= 00000000
@000030e4: $ 4 <= 00000000
@000030e8: $ 4 <= 44950000
@000030ec: $ 4 <= 00000000
@000030f0: $ 4 <= 00000000
@000030f8: $ 1 <= 0000215d
@000030fc: $ 8 <= 44500000
@00003100: $ 4 <= 4450215d
@00003104: $ 4 <= 6e3a0000
@00003108: $ 1 <= 00000000
@0000310c: *00000000 <= 6e3a0000
@00003114: $ 4 <= 00000000
@0000311c: $ 1 <= 00000000
@00003124: $ 1 <= 00000000
@00003130: $ 8 <= 00000000
@00003134: $ 8 <= 00000000
@00003138: $ 4 <= 0000f580
@0000313c: $31 <= 00003144
@00003140: $ 1 <= 00000010
@00003148: $ 1 <= 00003154
@00003154: $ 4 <= 901e0000
@00003158: $ 1 <= 6fe23154
@0000315c: $ 8 <= 00003154
@00003160: $ 1 <= f7370000
@00003164: $ 8 <= ee6e0000
@00003168: $ 1 <= 901ec66e
@0000316c: $ 1 <= 7e8cc66e
@00003170: $ 4 <= 00000000
@00003174: $ 4 <= 00000000
@0000317c: $ 8 <= 11920000
@00003184: $ 8 <= 00000000
@00003188: *00000008 <= 7e8cc66e
@0000318c: $31 <= 00003194
@00003190: $ 1 <= 00000010
@00003198: $ 1 <= 000031a4
@000031a4: $ 8 <= 0000b121
@000031a8: $ 1 <= 0000fbef
@000031b0: $ 8 <= 64830000
@000031bc: $ 4 <= 64830000
@000031c0: $ 1 <= 00000000
@000031c4: $ 4 <= 00000000
@000031cc: $ 1 <= 00000000
@000031d8: $ 1 <= 00000000
@000031dc: $ 1 <= 00000000
@000031e0: $ 4 <= 00000000
@000031e4: *00000008 <= 64830000
@000031e8: $ 8 <= 64830000
@000031f0: $ 4 <= 2f950000
@000031f8: $ 4 <= 00000000
@000031fc: $ 8 <= 00000000
@00003200: $ 8 <= 00000000
@00003204: *0000000c <= 00000000
@00003208: $ 8 <= 00000000
@0000320c: $ 4 <= 64830000
@00003210: $ 4 <= 0000a56b
@00003218: $ 4 <= 00014ad6
@0000321c: $ 8 <= 0000aeb8
@00003220: $ 4 <= 3bf90000
@00003224: $ 1 <= feaf0000
@00003228: $ 8 <= c2b60000
@0000322c: $ 1 <= 3aa80000
@00003230: $ 4 <= fd5e0000
@00003238: $ 4 <= c5580000
@0000323c: $ 8 <= 75500000
@00003240: $ 1 <= 75500000
@00003248: $ 1 <= 00000000
@00003254: $ 4 <= 8ab00000
@00003258: $ 8 <= 19530000
@0000325c: $31 <= 00003264
@00003260: $ 4 <= 00000010
@00003268: $ 4 <= 00003274
@00003274: $ 1 <= 00007ffd
@00003278: $31 <= 00003280
@0000327c: $ 4 <= 00000010
@00003284: $ 4 <= 00003290
@00003294: $ 8 <= 0000fffa
@0000329c: $ 8 <= 00017ff7
@000032a0: $ 4 <= 00006520
@000032a4: $ 1 <= 00000000
@000032a8: $ 1 <= 00000000
@000032ac: $ 4 <= 460b0000
@000032b0: $ 1 <= 00000000
@000032b4: $ 1 <= 00000000
@000032b8: $ 4 <= 0001fff7
@000032bc: $ 4 <= 00000000
@000032c0: *00000004 <= 00000000
@000032c4: $ 4 <= 00017ff7
@000032c8: $ 8 <= 0002ffee
@000032cc: $ 8 <= 0002ffee
@000032d4: $ 8 <= 00000000
@000032d8: *0000000c <= 00017ff7
@000032dc: $ 1 <= 00000000
@000032e0: $ 4 <= 00000000
@000032e4: $ 4 <= 00000000
@000032e8: $ 8 <= 00000000
@000032ec: $ 1 <= 00017ff7
@000032f4: $ 1 <= 00000000
@00003300: $ 4 <= 00000000
@00003304: *00000004 <= 00000000
@00003308: $ 4 <= 00000000
@00003310: $ 8 <= 09bd0000
@0000331c: $ 1 <= 00000000
@00003320: *00000000 <= 09bd0000
@00003324: $31 <= 0000332c
@00003328: $ 8 <= 00000010
@00003330: $ 8 <= 0000333c
@0000333c: $ 1 <= 00000000
@00003344: $ 8 <= 00000000
@00003348: $ 1 <= 64830000
@0000334c: $ 8 <= 00008242
@00003350: $ 1 <= f58c0000
@00003358: $ 4 <= 0a740000
@0000335c: $ 4 <= 00000000
@00003360: *00000000 <= 00008242
@00003364: $ 4 <= 00000000
@00003368: $ 4 <= 00017ff7
@0000336c: $ 4 <= 00000000
@00003370: *00000004 <= 00000000
@00003374: $ 4 <= 00000000
@00003378: *00000000 <= 00000000
@0000337c: $ 8 <= 00000000
@00003380: *0000000c <= 00000000
@00003384: $ 4 <= f58c0972
@00003388: $ 1 <= f58cbfe4
@00003390: $ 8 <= 00000000
@00003394: *0000000c <= f58cbfe4
@00003398: $ 4 <= 00000000
@0000339c: $ 8 <= 00000000
@000033a0: $ 1 <= 09de0000
@000033a4: $ 4 <= 00000000
@000033a8: $ 1 <= 00000000
@000033b0: $ 4 <= 00000000
@000033c0: $ 4 <= 00000000
@000033c4: $ 1 <= 00008081
@000033c8: $ 4 <= 00008081
@000033cc: $ 8 <= 00000000
@000033d0: $ 8 <= 00000000
@000033d4: $ 4 <= 000095e9
@000033d8: $ 1 <= 00000000
@000033dc: *00000008 <= 00000000
@000033e0: $ 8 <= 98210000
@000033e8: $ 1 <= ffff6a17
@000033ec: $ 8 <= 98206a17
@000033f0: $ 1 <= 00000000
@000033f4: *00000004 <= 98206a17
@000033fc: $ 1 <= 00000000
@00003400: $ 8 <= 98206a17
@00003404: $ 1 <= 00000000
@00003408: $ 4 <= 00000000
@0000340c: $ 8 <= 98206a17
@00003410: $ 1 <= 00000000
@00003414: $ 8 <= bd320000
@00003418: $ 4 <= bd320000
@0000341c: $ 8 <= 00000000
@00003420: $ 8 <= 00000000
@00003428: $ 4 <= 00000000
@00003434: $ 8 <= 00000000
@00003438: $ 1 <= 00000000
@00003440: $ 4 <= 00000000
@00003450: $ 8 <= 00000000
@00003454: *00000008 <= 00000000
@00003458: $ 8 <= 00000000
@00003460: $ 4 <= 00000000
@00003468: $ 1 <= 0000bd33
@0000346c: $ 4 <= ffff42cd
@00003470: $ 4 <= 00000000
@00003474: *00000000 <= 00000000
@00003478: $ 1 <= 0000bd33
@00003480: $ 1 <= 0000e64b
@00003484: $ 1 <= 00000000
@00003488: *00000000 <= 00000000
@0000348c: $ 4 <= 00000000
@00003490: *00000004 <= 00000000
@00003494: $31 <= 0000349c
@00003498: $ 4 <= 00000010
@000034a0: $ 4 <= 000034ac
@000034ac: $ 4 <= 00000000
@000034b0: $ 4 <= 0000bcf7
@000034b4: $ 1 <= 00000000
@000034b8: *00000008 <= 00000000
@000034bc: $ 1 <= d0520000
@000034c4: $ 8 <= 00000000
@000034d0: $ 4 <= d11e0000
@000034d8: $ 4 <= a23c0000
@000034e4: $ 8 <= 00000000
@000034e8: $31 <= 000034f0
@000034ec: $ 8 <= 00000010
@000034f4: $ 8 <= 00003500
@00003504: $ 4 <= d051cb00
@0000350c: $ 8 <= 00000000
@00003510: *00000000 <= d0520000
@00003518: $ 4 <= d052e45b
@00003520: $ 4 <= d052e45b
@00003524: $ 8 <= a0a4e45b
@0000352c: $ 1 <= 00000000
@00003538: $ 4 <= 00000000
@0000353c: *00000000 <= a0a4e45b
@00003540: $ 1 <= 00000000
@00003544: *00000008 <= a0a4e45b
@00003548: $ 1 <= 4149c8b6
@0000354c: $ 1 <= 00000000
@00003550: *00000000 <= a0a4e45b
@00003554: $31 <= 0000355c
@00003558: $ 1 <= 00000010
@00003560: $ 1 <= 0000356c
@0000356c: $ 1 <= a0a4f65b
@00003570: $ 8 <= 00000000
@00003574: *00000004 <= 00000000
@0000357c: $ 1 <= a0a4f65b
@00003588: $ 4 <= 5f5b09a5
@0000358c: $31 <= 00003594
@00003590: $ 1 <= 00000010
@00003598: $ 1 <= 000035a4
@000035a4: $ 4 <= 00000000
@000035a8: $ 8 <= 00000000
@000035ac: $ 4 <= 00000000
@000035b0: *00000004 <= 00000000
@000035b8: $ 4 <= 99620000
@000035bc: $ 8 <= 66d30000
@000035c0: $ 8 <= 00000000
@000035c4: $31 <= 000035cc
@000035c8: $ 8 <= 00000010
@000035d0: $ 8 <= 000035dc
@000035dc: $ 1 <= 00006bb8
@000035e0: $ 8 <= dfb50000
@000035e4: $31 <= 000035ec
@000035e8: $ 1 <= 00000010
@000035f0: $ 1 <= 000035fc
@000035fc: $31 <= 00003604
@00003600: $ 4 <= 00000010
@00003608: $ 4 <= 00003614
@00003614: $ 8 <= ffffffe8
@00003618: $ 4 <= 2e710000
@0000361c: $ 4 <= d8ff0000
@00003620: $31 <= 00003628
@00003624: $ 8 <= 00000010
@0000362c: $ 8 <= 00003638
@0000363c: $ 4 <= 00000000
@00003640: $ 1 <= ffffffc4
@00003644: $ 8 <= 00006c70
@0000364c: $ 1 <= 00000000
@00003650: $ 4 <= a0a4e45b
@00003654: $ 1 <= 00000000
@00003658: $ 4 <= 00000000
@0000365c: $ 1 <= 00000000
@00003660: $ 4 <= 00000000
@00003664: $ 8 <= ffff9390
@00003668: $ 8 <= 00000000
@00003670: $ 8 <= 0000b972
@0000367c: $ 1 <= 00000000
@00003680: $ 4 <= a0a4e45b
@00003688: $ 1 <= 00000000
@00003690: $ 8 <= 2a3a0000
@00003698: $ 4 <= 89951ba5
@0000369c: $ 4 <= ede80000
@000036a0: $ 8 <= 00000000
@000036a4: $ 4 <= a0a4e45b
@000036a8: $31 <= 000036b0
@000036ac: $ 4 <= 00000010
@000036b4: $ 4 <= 000036c0
@000036c0: $ 4 <= 0000ce7b
@000036c4: $ 1 <= 00000000
@000036c8: $ 1 <= 00000000
@000036cc: $ 8 <= 00007c5b
@000036d0: $ 8 <= c1d40000
@000036d4: $ 1 <= 12c70000
@000036d8: $ 8 <= 12c63185
@000036e0: $ 4 <= 12c7ce7b
@000036e8: $ 8 <= 00000000
@000036ec: $ 4 <= 00000000
@000036f4: $ 8 <= ed390000
@000036f8: $ 8 <= 00000000
@000036fc: *00000004 <= 00000000
@00003700: $ 1 <= 258e0000
@00003704: $ 8 <= f1c70000
@00003708: $ 8 <= cc390000
@0000370c: $ 8 <= f1c70000
@00003710: $ 1 <= 33c70000
@00003714: $ 1 <= ead80000
@00003718: $ 1 <= ead8c03f
@0000371c: $ 8 <= f1c7e296
@00003724: $ 8 <= 00000000
@00003730: $ 8 <= 3f560000
@00003738: $ 1 <= ea190000
@00003740: $ 4 <= 2f660000
@00003744: $ 8 <= ea194f9f
@0000374c: $ 8 <= bab30000
@00003750: $ 4 <= 00000000
@00003754: $ 1 <= a0a4e45b
@00003758: $ 4 <= 00000000
@0000375c: *00000008 <= a0a4e45b
@00003760: $ 8 <= a0a4e45b
@00003764: $ 8 <= 5fc50000
@00003768: $ 8 <= 8b640000
@0000376c: $31 <= 00003774
@00003770: $ 8 <= 00000010
@00003778: $ 8 <= 00003784
@00003784: $ 4 <= a0a4e57b
@0000378c: $ 1 <= 00000000
@00003798: $ 1 <= 00000000
@0000379c: *00000008 <= a0a4e57b
@000037a4: $ 8 <= 00000000
@000037b0: $ 4 <= 00000000
@000037b4: $ 4 <= f58cbfe4
@000037b8: $ 4 <= 0000d0cf
@000037bc: $ 1 <= 0000f3df
@000037c0: $ 1 <= 0000dacf
@000037c8: $ 8 <= 581a0000
@000037d4: $ 1 <= 64770000
@000037d8: $ 1 <= 00000000
@000037dc: *00000004 <= 00000000
@000037e0: $ 4 <= 00000000
@000037e4: *00000000 <= 581a0000
@000037ec: $ 4 <= 0000ce8a
@000037f4: $ 1 <= 94820000
@000037f8: $31 <= 00003800
@000037fc: $ 8 <= 00000010
@00003804: $ 8 <= 00003810
@00003810: $31 <= 00003818
@00003814: $ 1 <= 00000010
@0000381c: $ 1 <= 00003828
@0000382c: $ 4 <= 00000000
@00003830: $ 1 <= f58cbfe4
@00003834: $ 8 <= 504c0000
@00003838: $ 4 <= 5a670000
@0000383c: $ 8 <= 5abf401c
@00003840: $ 8 <= b526401c
@00003844: $ 1 <= 00000000
@00003848: $ 4 <= 00000000
@0000384c: $ 4 <= 00001aa8
@00003850: $ 1 <= 00000000
@00003854: *00000004 <= 00000000
@0000385c: $ 8 <= 00003550
@00003860: $ 8 <= 00003550
@00003864: $ 8 <= 00000000
@00003868: *00000000 <= 00001aa8
@00003870: $ 8 <= 00000000
@00003874: *00000004 <= 00000000
@00003878: $ 4 <= 00000000
@0000387c: $ 8 <= 00001aa8
@00003880: $ 1 <= 00000000
@00003884: $ 4 <= a0a4e57b
@00003888: $ 4 <= 00000000
@0000388c: $ 4 <= 00001aa8
@00003890: $ 1 <= 00000000
@00003894: *0000000c <= 00001aa8
@00003898: $ 4 <= 00000000
@0000389c: *00000004 <= 00000000
@000038a0: $ 8 <= 00000000
@000038a4: $31 <= 000038ac
@000038a8: $ 1 <= 00000010
@000038b0: $ 1 <= 000038bc
@000038bc: $ 4 <= ffffc744
@000038c0: $ 8 <= 00000000
@000038c4: $ 4 <= 00001aa8
@000038cc: $ 4 <= 00005364
@000038d4: $ 8 <= 00000000
@000038d8: $ 8 <= 00008c20
@000038e0: $ 4 <= 49630000
@000038e4: $ 1 <= 00000000
@000038e8: *00000008 <= 00008c20
@000038ec: $ 8 <= d7960000
@000038f4: $ 4 <= 00000000
@000038f8: *0000000c <= 00000000
@000038fc: $ 8 <= 00000618
@00003900: $ 4 <= 00000000
@00003904: $ 8 <= 00008c20
@0000390c: $ 1 <= 73240000
@00003918: $ 1 <= 00000000
@00003920: $ 4 <= 00000000
@0000392c: $ 4 <= 00000000
@00003930: *00000008 <= 00000000
@00003938: $ 4 <= 00008c20
@00003940: $ 4 <= 00008c20
@00003944: $ 4 <= 00011840
@00003948: $ 8 <= 00000000
@0000394c: $ 4 <= 00000000
@00003950: $31 <= 00003958
@00003954: $ 1 <= 00000010
@0000395c: $ 1 <= 00003968
@00003968: $ 8 <= 0000fdfa
@00003970: $ 8 <= 0000fdfa
@00003978: $ 8 <= 00000000
@0000397c: *00000000 <= 00000000
@00003980: $ 4 <= 00000000
@00003984: $ 1 <= 00000000
@00003988: $ 8 <= 00000000
@0000398c: $ 4 <= 00000000
@00003990: $ 8 <= 00000000
@00003994: *0000000c <= 00000000
@00003998: $ 8 <= 00000000
@0000399c: *0000000c <= 00000000
@000039a0: $ 4 <= 0000f081
@000039a4: $ 1 <= 00000000
@000039a8: *00000004 <= 00000000
@000039b0: $ 1 <= 0000cf92
@000039b8: $ 1 <= 0000f081
@000039bc: $ 4 <= 0000f5f9
@000039c0: $ 8 <= 190e0000
@000039c4: $ 8 <= e7790000
@000039c8: $ 4 <= e779f5f9
@000039cc: $ 1 <= 5f9e0000
@000039d0: $ 8 <= 9ea40000
@000039d4: $31 <= 000039dc
@000039d8: $ 4 <= 00000010
@000039e0: $ 4 <= 000039ec
@000039ec: $31 <= 000039f4
@000039f0: $ 8 <= 00000010
@000039f8: $ 8 <= 00003a04
@00003a08: $ 1 <= 1f710000
@00003a10: $ 4 <= 00000000
@00003a14: $ 4 <= 00000000
@00003a18: $ 1 <= 1e8d0000
@00003a1c: $31 <= 00003a24
@00003a20: $ 8 <= 00000010
@00003a28: $ 8 <= 00003a34
@00003a34: $ 4 <= 182e0000
@00003a38: $31 <= 00003a40
@00003a3c: $ 8 <= 00000010
@00003a44: $ 8 <= 00003a50
@00003a50: $ 4 <= 1e8d834f
@00003a54: $ 1 <= 00000000
@00003a58: *00000000 <= 1e8d834f
@00003a60: $ 4 <= ee020000
@00003a64: $ 8 <= 00003bfb
@00003a68: $ 1 <= de5b0000
@00003a6c: $ 1 <= 0000fbfb
@00003a74: $ 8 <= 0000c000
@00003a78: $ 4 <= 00000000
@00003a7c: $ 8 <= 00000000
@00003a80: $ 1 <= 0000fbfb
@00003a88: $ 1 <= 00000000
@00003a90: $ 4 <= 00000000
@00003a94: $ 1 <= 00000000
@00003a98: $ 8 <= 00000000
@00003aa0: $ 1 <= 00000000
@00003aac: $ 1 <= 00000000
@00003ab0: $ 4 <= 00000000
@00003ab4: $ 1 <= 00000000
@00003ab8: $ 8 <= 00000000
@00003abc: $31 <= 00003ac4
@00003ac0: $ 4 <= 00000010
@00003ac8: $ 4 <= 00003ad4
@00003ad4: $ 1 <= 00000000
@00003ad8: *00000008 <= 00003ad4
@00003adc: $ 1 <= 8f300000
@00003ae0: $ 4 <= 00000000
@00003ae4: *0000000c <= 00000000
@00003ae8: $ 4 <= aa9e0000
@00003aec: $ 4 <= 94a30000
@00003af4: $ 1 <= b23b0000
@00003afc: $ 1 <= 94a36ecd
@00003b04: $ 1 <= 00000000
@00003b08: $ 4 <= 00007538
@00003b0c: $ 8 <= 00000000
@00003b10: $ 8 <= 00000000
@00003b14: $ 8 <= 00000000
@00003b18: *00000000 <= 00000000
@00003b20: $ 4 <= 00000000
@00003b2c: $ 8 <= 0000813e
@00003b34: $ 1 <= 00000000
@00003b38: *00000000 <= 0000813e
@00003b3c: $ 1 <= 48dd0000
@00003b40: $ 8 <= 00000000
@00003b44: $ 8 <= 0000813e
@00003b48: $ 8 <= 00000000
@00003b4c: *00000000 <= 00000000
@00003b50: $ 8 <= 48dd0000
@00003b58: $ 1 <= 00005a15
@00003b60: $ 4 <= e8b70000
@00003b64: $ 8 <= 9fda0000
@00003b68: $31 <= 00003b70
@00003b6c: $ 1 <= 00000010
@00003b74: $ 1 <= 00003b80
@00003b80: $ 1 <= c28c0000
@00003b88: $ 8 <= 00000000
@00003b98: $ 1 <= 00000000
@00003b9c: $ 8 <= 00000000
@00003ba0: $ 1 <= 00000000
@00003ba4: $ 4 <= 00000000
@00003bac: $ 8 <= 0000e129
@00003bb8: $ 4 <= 00000000
@00003bbc: $ 8 <= 00003ad4
@00003bc0: $ 8 <= 38080000
@00003bc4: $ 8 <= 00000000
@00003bc8: $ 4 <= 00003ad4
@00003bcc: $ 8 <= 71ba0000
@00003bd4: $ 4 <= 00000000
@00003be0: $ 1 <= 37a30000
@00003be8: $ 4 <= 00000000
@00003bf8: $ 4 <= a95d0000
@00003bfc: $ 8 <= 1b170000
@00003c00: $ 8 <= 0fc00000
@00003c04: $31 <= 00003c0c
@00003c08: $ 1 <= 00000010
@00003c10: $ 1 <= 00003c1c
@00003c1c: $ 4 <= 0fc0b9d8
@00003c20: $ 4 <= 34670000
@00003c24: $ 1 <= 00000000
@00003c28: *00000000 <= 0fc00000
@00003c2c: $ 8 <= 00000000
@00003c30: *00000004 <= 34670000
@00003c34: $ 8 <= 00000000
@00003c38: $ 4 <= 00000000
@00003c3c: $ 4 <= 34670000
@00003c40: $ 8 <= 0000cc08
@00003c44: $ 8 <= 00000000
@00003c48: $ 4 <= 0fc00000
@00003c50: $ 4 <= 9cab0000
@00003c5c: $ 8 <= 00000000
@00003c60: $ 8 <= 00003647
@00003c64: $ 1 <= 7d9b0000
@00003c68: $ 1 <= 00000000
@00003c6c: $ 1 <= 34670000
@00003c70: $ 8 <= 9cab3647
@00003c74: $ 4 <= 00000000
@00003c78: *00000000 <= 9cab3647
@00003c7c: $ 4 <= 34675f81
@00003c80: $ 4 <= 00000000
@00003c84: $ 8 <= 00000000
@00003c88: $ 1 <= 00000000
@00003c8c: $ 4 <= 00000000
@00003c90: $31 <= 00003c98
@00003c94: $ 4 <= 00000010
@00003c9c: $ 4 <= 00003ca8
@00003ca8: $ 8 <= 00000000
@00003cac: *0000000c <= 00000000
@00003cb0: $31 <= 00003cb8
@00003cb4: $ 4 <= 00000010
@00003cbc: $ 4 <= 00003cc8
@00003cc8: $ 8 <= 00003cc8
@00003cd0: $ 1 <= 00007990
@00003cdc: $ 8 <= 00007990
@00003ce4: $ 1 <= 0000f320
@00003cec: $ 4 <= ffffc338
@00003cf4: $ 1 <= 00007990
@00003cf8: $ 8 <= 00007ddc
@00003cfc: $ 4 <= 0000f76c
@00003d00: $ 4 <= 00000000
@00003d04: *0000000c <= 00000000
@00003d0c: $ 4 <= 00000000
@00003d10: $ 1 <= 0000044c
@00003d14: $ 1 <= 00009c26
@00003d18: $ 1 <= 00000000
@00003d1c: $31 <= 00003d24
@00003d20: $ 8 <= 00000010
@00003d28: $ 8 <= 00003d34
@00003d34: $ 4 <= 00000000
@00003d38: $ 1 <= 34670000
@00003d3c: $ 4 <= d12a0000
@00003d40: $ 4 <= d12a7e1b
@00003d44: $ 8 <= 00000000
@00003d48: $ 4 <= 34670000
@00003d50: $ 8 <= 00000000
@00003d5c: $ 8 <= 3c9d0000
@00003d60: $ 1 <= 3e7a0000
@00003d64: $ 8 <= 00000000
@00003d68: *0000000c <= 00000000
@00003d6c: $ 8 <= 0000630c
@00003d70: $ 1 <= f4e90000
@00003d74: $ 1 <= 00000000
@00003d78: $ 1 <= 00000000
@00003d7c: $ 1 <= 34672fa6
@00003d84: $ 8 <= 00000000
@00003d94: $ 1 <= 34670000
@00003d98: $31 <= 00003da0
@00003d9c: $ 1 <= 00000010
@00003da4: $ 1 <= 00003db0
@00003db4: $ 4 <= cb990000
@00003db8: $ 1 <= 00000000
@00003dbc: $ 1 <= 97320000
@00003dc0: $ 4 <= 00000000
@00003dc4: $ 4 <= 00000000
@00003dc8: $ 8 <= 00000000
@00003dcc: $ 4 <= 97320000
@00003dd0: $31 <= 00003dd8
@00003dd4: $ 8 <= 00000010
@00003ddc: $ 8 <= 00003de8
@00003de8: $ 4 <= 00000000
@00003dec: $ 8 <= 00000000
@00003df4: $ 8 <= 0000edbc
@00003dfc: $ 1 <= 9732c8eb
@00003e00: $ 4 <= 00000513
@00003e04: $ 8 <= 9a940000
@00003e08: $ 1 <= 31c6c8eb
@00003e0c: $31 <= 00003e14
@00003e10: $ 4 <= 00000010
@00003e18: $ 4 <= 00003e24
@00003e24: $ 1 <= 00000000
@00003e28: *00000004 <= 00003e24
@00003e2c: $ 8 <= 00000000
@00003e30: $ 4 <= 00003ad4
@00003e34: $ 4 <= b79d0000
@00003e3c: $ 8 <= 00000000
@00003e40: $ 1 <= b79d0000
@00003e44: $ 8 <= 00000000
@00003e4c: $ 1 <= 1d140000
@00003e54: $ 4 <= 00000000
@00003e58: $ 4 <= 00003ad4
@00003e5c: $31 <= 00003e64
@00003e60: $ 4 <= 00000010
@00003e68: $ 4 <= 00003e74
@00003e74: $ 1 <= 00000000
@00003e78: *0000000c <= 00000000
@00003e7c: $ 1 <= 42610000
@00003e80: $ 1 <= 00003e74
@00003e84: $ 8 <= 69b30000
@00003e88: $ 4 <= 69b2c18c
@00003e8c: $ 1 <= 00000000
@00003e90: *00000004 <= 69b2c18c
@00003e98: $ 1 <= 00003e74
@00003ea4: $ 8 <= cfdd0000
