@00003000: $28 <= 00000000
@00003004: $29 <= 00000000
@00003008: $ 9 <= 00000000
@0000300c: $15 <= 00000000
@00003010: $ 1 <= 00000000
@00003014: $ 9 <= 00000001
@00003020: $15 <= 00000000
@00003024: *0000000c <= 00000000
@00003028: $ 1 <= b0a60000
@0000302c: $ 1 <= 00000000
@00003030: $15 <= 00000000
@00003034: $15 <= 00000000
@00003038: $15 <= 00000000
@0000303c: *00000000 <= 00000001
@00003040: $ 9 <= 00000001
@00003048: $ 1 <= 00000000
@0000304c: $ 9 <= 00000000
@00003050: $ 9 <= 0000461d
@00003054: $15 <= 00000000
@00003058: $15 <= 00000000
@0000305c: *00000008 <= 00000000
@00003060: $15 <= 00000000
@00003064: *0000000c <= 001d0000
@00003068: $15 <= 0000461d
@0000306c: $ 9 <= 00000000
@00003070: $ 9 <= 87400000
@00003078: $ 9 <= 15f90000
@0000307c: $ 9 <= 00000000
@00003088: $ 1 <= 00000000
@00003090: $ 9 <= ffffad1f
@00003094: $31 <= 0000309c
@00003098: $15 <= 00000010
@000030a0: $15 <= 000030ac
@000030a4: $ 1 <= 000030ac
@000030ac: $ 9 <= 00000000
@000030b0: $ 9 <= 00000000
@000030b8: $ 9 <= 00000001
@000030bc: $15 <= 00000000
@000030c0: $ 9 <= 00000000
@000030c8: $15 <= 00000001
@000030d4: $15 <= 00000000
@000030d8: $ 1 <= 00000000
@000030dc: $ 9 <= 00000000
@000030e0: $ 9 <= 00000000
@000030e4: $15 <= 00000000
@000030e8: $ 9 <= 00000001
@000030f0: $15 <= 00000000
@000030f4: $ 9 <= 00000001
@000030f8: $15 <= 00001873
@000030fc: $15 <= 00000000
@00003100: $ 1 <= 00000000
@00003104: $ 1 <= 00000000
@00003108: *0000000c <= 001d0100
@00003110: $ 9 <= 00000000
@00003114: $15 <= 00000000
@00003118: *00000004 <= 00000000
@00003124: $ 1 <= 00000000
@00003128: $ 1 <= 00000000
@0000312c: $15 <= 0000001d
@00003130: $ 9 <= 00000000
@00003134: $ 1 <= 00000000
@00003138: $ 9 <= ffffffff
@0000313c: $ 1 <= 00000000
@00003140: $ 1 <= ffffffe2
@00003144: $ 1 <= ffffffe2
@0000314c: $15 <= ffffffe2
@00003150: $ 1 <= 00000000
@00003154: *0000000c <= ffffffe2
@00003158: $ 9 <= e9c90000
@0000315c: $15 <= 00000000
@00003164: $ 1 <= 00000001
@00003168: $ 9 <= 00000000
@0000316c: $15 <= 0000ffff
@00003170: $ 1 <= 00000001
@00003174: $15 <= 00000000
@00003178: *00000004 <= 00000000
@0000317c: $31 <= 00003184
@00003180: $ 1 <= 00000010
@00003188: $ 1 <= 00003194
@00003198: $ 1 <= 0000d7e9
@000031a0: $ 9 <= 00000000
@000031a4: $ 9 <= 00000000
@000031ac: $ 1 <= 00000000
@000031b8: $15 <= fffffa89
@000031bc: $ 1 <= 00000001
@000031c4: $ 9 <= 00000000
@000031cc: $ 9 <= 66470000
@000031d0: $ 1 <= 00000000
@000031d4: *0000000c <= 66470000
@000031d8: $ 9 <= 00000000
@000031dc: $ 9 <= 00000000
@000031e0: $ 1 <= 00000000
@000031e8: $ 1 <= 00000000
@000031ec: $ 9 <= 00000001
@000031f4: $15 <= 00000000
@000031f8: $15 <= 00000000
@00003200: $ 1 <= 00040000
@00003204: $ 1 <= 00040001
@0000320c: $ 9 <= 00000000
@00003210: $ 9 <= 00040001
@00003214: $15 <= 00000001
@00003218: $ 1 <= 99de0000
@00003220: $ 1 <= 99de0001
@0000322c: $ 1 <= 00000000
@00003230: *0000000c <= 00000001
@00003238: $ 1 <= 00000010
@00003240: $ 1 <= 00000000
@00003248: $ 1 <= 00000000
@00003250: $ 9 <= 00000000
@00003254: $31 <= 0000325c
@00003258: $ 1 <= 00000010
@00003260: $ 1 <= 0000326c
@00003270: $ 1 <= 0000d8d3
@0000327c: $15 <= 00000000
@00003280: $ 9 <= 00000000
@00003284: $ 9 <= 00000000
@00003288: *00000000 <= 00000000
@00003290: $15 <= ffffb309
@00003298: $ 1 <= 00000000
@0000329c: $ 9 <= 00000000
@000032a0: $ 9 <= ffffb309
@000032a4: $ 9 <= 00000000
@000032a8: $15 <= 00000000
@000032ac: $ 1 <= 00000000
@000032b4: $15 <= 00000000
@000032c0: $15 <= 00000000
@000032c4: $ 1 <= 0000bba7
@000032c8: $ 9 <= 00000001
@000032d0: $ 1 <= 00000000
@000032d4: $15 <= 00000001
@000032d8: $15 <= 00000001
@000032dc: $15 <= 00000000
@000032e0: $ 9 <= 00000001
@000032e4: $ 1 <= 00000000
@000032ec: $ 1 <= 00000000
@000032f8: $ 1 <= 00000002
@000032fc: $ 9 <= 00000000
@00003304: $15 <= 00000000
@00003308: $15 <= 00000000
@0000330c: $ 9 <= 00000000
@00003310: $ 1 <= 00000000
@00003318: $15 <= 00000000
@00003324: $15 <= 00000001
@00003328: $ 1 <= 00000000
@0000332c: $ 9 <= 00000000
@00003334: $ 1 <= 0000e946
@00003340: $ 9 <= 0000e946
@00003348: $15 <= 00000000
@00003350: $ 1 <= 00000000
@00003354: $ 9 <= 00000000
@00003358: $15 <= 00000000
@0000335c: $15 <= 00000000
@00003360: $15 <= 00000000
@00003364: $ 9 <= 00000000
@00003368: $ 1 <= 00000000
@0000336c: $15 <= 00000000
@00003370: $15 <= 00004b19
@00003374: $15 <= 00000000
@00003378: $15 <= aa4f0000
@0000337c: $ 9 <= 0000e946
@00003380: $15 <= aa4f0001
@00003388: $ 9 <= 00000000
@0000338c: $ 1 <= 00000000
@00003390: $ 9 <= 00000001
@00003398: $ 1 <= ffffcaef
@0000339c: $ 9 <= dd340000
@000033a0: $15 <= aa4f0001
@000033a4: $15 <= 00000000
@000033a8: $15 <= 00003510
@000033ac: $ 9 <= 00000000
@000033b4: $ 1 <= 00003510
@000033b8: $ 9 <= ffffcaef
@000033c0: $ 1 <= ffffc59b
@000033c4: $ 9 <= 00000000
@000033c8: $15 <= 00000000
@000033cc: $ 1 <= ffffc59b
@000033d0: $ 9 <= 00000000
@000033d4: $ 9 <= 00004182
@000033d8: $ 1 <= 00000000
@000033e0: $ 9 <= 00004183
@000033ec: $ 1 <= 00000000
@000033f0: $15 <= 00000000
@00003404: $ 1 <= 00000001
@00003410: $ 9 <= 00000000
@00003414: $15 <= 00000000
@00003418: $ 1 <= 00000000
@0000341c: $15 <= 00000000
@00003420: $ 9 <= 00000000
@00003424: $31 <= 0000342c
@00003428: $15 <= 00000010
@00003430: $15 <= 0000343c
@00003434: $15 <= 0000343c
@0000343c: $15 <= 00000000
@00003440: $ 1 <= 00000000
@00003444: $ 9 <= 00000000
@00003448: $ 1 <= 00000000
@0000344c: $15 <= 00000000
@00003450: $ 9 <= 00000000
@00003454: $15 <= 00000000
@00003458: $15 <= 00000000
@0000345c: $ 1 <= 0000b27c
@00003460: $ 9 <= 00000000
@00003464: $ 9 <= 00000000
@00003468: $ 9 <= 00000000
@0000346c: $ 1 <= 00000000
@00003474: $ 1 <= 00000000
@00003478: $ 9 <= 00000000
@0000347c: $15 <= 00000000
@00003480: $ 9 <= 00000000
@00003484: $ 9 <= 00000000
@00003488: $ 9 <= 00000000
@0000348c: $ 9 <= 00000000
@00003490: *0000000c <= 00000000
@00003494: $15 <= 00000000
@00003498: $ 9 <= 00000000
@0000349c: $ 1 <= 00000000
@000034a0: $ 1 <= 00000001
@000034a4: $15 <= 00000000
@000034a8: $ 9 <= 00000000
@000034ac: $15 <= 00000000
@000034b0: $ 1 <= 00000000
@000034b4: $ 1 <= 00000000
@000034b8: $ 9 <= 00000000
@000034bc: $ 1 <= 00000000
@000034c0: $ 1 <= 00000000
@000034c4: *00000000 <= 00000000
@000034c8: $15 <= 00000000
@000034cc: $ 1 <= 00000000
@000034d0: $ 9 <= ffffffff
@000034d8: $15 <= 00008dd5
@000034dc: $15 <= 00000000
@000034e0: $ 9 <= 00000000
@000034e4: $15 <= 00000000
@000034e8: $31 <= 000034f0
@000034ec: $ 1 <= 00000010
@000034f4: $ 1 <= 00003500
@000034f8: $15 <= 00003500
@00003508: $15 <= 29ed0000
@0000350c: $ 9 <= 00000000
@00003510: $15 <= 00000000
@00003514: $ 1 <= 00000000
@00003518: $ 1 <= 00000000
@0000351c: $ 1 <= 00000000
@00003520: $15 <= 00000000
@00003524: $31 <= 0000352c
@00003528: $ 9 <= 00000010
@00003530: $ 9 <= 0000353c
@00003534: $15 <= 0000353c
@0000353c: $15 <= 00000001
@00003540: $ 9 <= 0000353c
@00003544: $ 1 <= 00006a78
@00003548: $15 <= 00003500
@0000354c: $31 <= 00003554
@00003550: $ 1 <= 00000010
@00003558: $ 1 <= 00003564
@0000355c: $ 1 <= 00003564
@00003568: $ 9 <= 00000001
@0000356c: $ 1 <= 00000000
@00003570: $ 9 <= 00000000
@00003574: $ 1 <= 00000000
@00003578: *00000000 <= 00000000
@0000357c: $ 9 <= 00003500
@00003580: $15 <= 00000000
@00003584: *00000004 <= 00000000
@00003588: $ 9 <= 00007d4a
@0000358c: $15 <= 00000000
@00003590: $ 9 <= ffffc591
@00003598: $ 1 <= ffffc591
@000035a0: $ 9 <= 00007fff
@000035a4: $ 9 <= 0000c500
@000035a8: $ 1 <= 00000000
@000035ac: $ 9 <= 0000c500
@000035b4: $ 9 <= 0000c501
@000035c0: $15 <= 00000000
@000035c4: $15 <= 00006e12
@000035c8: $ 1 <= 00000000
@000035cc: $ 9 <= 00000000
@000035d0: $15 <= 00006e12
@000035d8: $ 9 <= ffffffff
@000035e0: $ 9 <= ffffffff
@000035ec: $ 1 <= ffffffff
@000035f0: $ 9 <= 00000000
@000035f4: *0000000c <= ffffffff
@000035f8: $ 9 <= 00000000
@000035fc: *00000008 <= 00000000
@00003600: $15 <= 00000001
@00003604: $15 <= 00000000
@00003608: $ 1 <= 00000000
@0000360c: $15 <= 00000000
@00003610: $ 1 <= 00000000
@00003614: $ 9 <= 00000001
@00003618: $ 9 <= 00000000
@0000361c: $ 1 <= 00000000
@00003620: $ 9 <= 00000000
@0000362c: $ 9 <= 00000000
@00003630: $ 9 <= 00000001
@00003634: $ 1 <= fffffffe
@00003638: $15 <= 00000000
@0000363c: $ 1 <= 00000000
@00003644: $ 1 <= 00000000
@00003648: $15 <= 00000000
@0000364c: $15 <= 00000001
@00003654: $ 1 <= 00000001
@00003660: $ 9 <= 00000000
@00003664: $ 9 <= fffffffe
@0000366c: $ 9 <= 00000000
@00003674: $ 9 <= 00000000
@0000367c: $15 <= 00000000
@00003684: $ 1 <= 00000000
@0000368c: $15 <= 00000000
@0000369c: $15 <= 00000000
@000036a0: $15 <= 00000000
@000036a4: $ 1 <= 00000000
@000036a8: *00000000 <= 00000000
@000036ac: $ 1 <= 00000000
@000036b0: $ 9 <= 00000000
@000036b4: $ 1 <= 00000000
@000036bc: $ 9 <= 0000d7ef
@000036c4: $ 9 <= 00000000
@000036c8: $ 1 <= 00000000
@000036cc: *00000000 <= 00000000
@000036d4: $15 <= 00000000
@000036dc: $ 1 <= 00000000
@000036e4: $ 9 <= 00000000
@000036e8: $ 9 <= 00000000
@000036ec: $15 <= 00000000
@000036f0: $ 9 <= 00000000
@000036f4: $ 9 <= 00000000
@000036f8: $15 <= 00000000
@00003700: $ 1 <= 00000000
@00003704: $15 <= 00000000
@00003708: $ 1 <= 00003f79
@00003710: $ 1 <= 00003f79
@00003718: $ 1 <= 00003f79
@00003720: $ 1 <= 00000000
@00003724: $31 <= 0000372c
@00003728: $ 1 <= 00000010
@00003730: $ 1 <= 0000373c
@00003734: $ 9 <= 0000373c
@0000373c: $ 1 <= ffffc8c4
@00003740: $15 <= 00000000
@00003744: *00000008 <= ffffc8c4
@00003748: $15 <= 00000000
@0000374c: $15 <= 0000c8c4
@00003750: $15 <= 00000000
@00003754: $15 <= 00000000
@00003758: $31 <= 00003760
@0000375c: $ 1 <= 00000010
@00003764: $ 1 <= 00003770
@00003768: $15 <= 00003770
@00003770: $15 <= 00000000
@00003774: *00000004 <= 00000000
@0000377c: $15 <= 00000000
@00003780: $15 <= 00000000
@00003784: $ 1 <= 00000000
@00003788: $ 9 <= 00000000
@0000378c: $15 <= 00000000
@0000379c: $ 1 <= 00000000
@000037a0: $15 <= 00000000
@000037a4: $ 1 <= 0000ffff
@000037a8: $ 9 <= 00000000
@000037ac: *00000004 <= 00000000
@000037b0: $ 1 <= 0000ffff
@000037bc: $ 9 <= 0000cf49
@000037c4: $ 9 <= 00000000
@000037d4: $ 1 <= ffff0000
@000037d8: $15 <= ffff0000
@000037e0: $ 1 <= 00000000
@000037ec: $ 1 <= 00000000
@000037f0: $ 9 <= 00000000
@000037f4: $15 <= ffffffff
@000037fc: $ 9 <= 00000000
@00003800: $ 9 <= 00000000
@00003808: $ 9 <= 00000000
@00003810: $ 1 <= 00000000
@0000381c: $15 <= 00000000
@00003820: $ 9 <= 00000000
@00003824: $ 9 <= 00000000
@00003828: $ 1 <= 000000c4
@00003830: $15 <= 00000001
@00003838: $15 <= 00000000
@0000383c: $15 <= 0000a0b8
@00003840: $ 9 <= f8260000
@00003848: $15 <= 00000000
@0000384c: $ 9 <= 00000000
@00003854: $ 9 <= 00000000
@00003858: $ 9 <= ffffffff
@0000385c: $15 <= 00000c40
@00003860: $ 9 <= 64e68440
@00003864: $ 9 <= 00000000
@00003868: $15 <= 00000000
@00003870: $ 9 <= 00000000
@00003878: $15 <= 00000000
@0000387c: $15 <= 00002cf6
@00003880: $ 1 <= 00000000
@00003884: $15 <= 00002cf7
@0000388c: $ 1 <= 00002cf7
@00003890: $ 1 <= 00000000
@00003894: $ 1 <= 00000000
@00003898: $15 <= 00000000
@0000389c: $ 9 <= 00000000
@000038a0: $ 9 <= ffffffff
@000038a8: $ 1 <= 00000000
@000038b4: $ 1 <= 00000000
@000038b8: $15 <= 00000001
@000038c0: $ 9 <= 00000001
@000038c8: $ 1 <= 00040000
@000038cc: $ 1 <= 00000000
@000038d0: *0000000c <= ff00ffff
@000038d8: $15 <= 0000dbfd
@000038dc: $ 9 <= 00000001
@000038e4: $15 <= 00000001
@000038ec: $ 1 <= 00006562
@000038f0: $ 9 <= 000cac40
@000038f8: $15 <= 00cac400
@000038fc: $15 <= 00cac401
@00003904: $15 <= 00cac401
@00003908: $ 1 <= 00cac401
@0000390c: $ 1 <= 00cac401
@00003914: $15 <= 000d29e1
@00003918: $ 1 <= 00cac401
@00003920: $ 1 <= 00000000
@00003924: $15 <= 00000000
@00003928: $15 <= 00000000
@0000393c: $ 1 <= 00000000
@00003940: $ 9 <= 00000000
@00003944: $ 9 <= 00000001
@0000394c: $ 1 <= 00000000
@00003950: $ 1 <= 00000000
@00003954: $15 <= 00000000
@00003958: $15 <= 00000000
@00003964: $ 9 <= fffffffe
@00003968: $ 9 <= 00000000
@00003970: $15 <= 00000000
@00003974: $ 1 <= 00000000
@0000397c: $15 <= 00000001
@00003988: $15 <= 00000000
@0000398c: $ 9 <= 00000000
@00003990: $ 1 <= 00000000
@00003994: $ 9 <= 00000000
@00003998: $15 <= ffffffff
@0000399c: $15 <= ffffffff
@000039a0: $15 <= ffffffff
@000039a4: $ 1 <= 00000000
@000039a8: $15 <= 00000000
@000039ac: $15 <= 00000000
@000039b0: $ 9 <= 00000000
@000039b4: $ 1 <= 00000000
@000039bc: $15 <= 00000000
@000039c4: $ 1 <= 00000001
@000039cc: $15 <= 00000000
@000039d0: *00000000 <= 00000000
@000039d4: $ 9 <= 00000000
@000039d8: $ 1 <= 00000000
@000039dc: $ 1 <= 00000000
@000039e0: $ 9 <= 00000000
@000039e4: $ 1 <= 00000000
@000039e8: $ 9 <= ffffc8c4
@000039f0: $ 9 <= 00000000
@000039f4: $ 1 <= 00000000
@000039f8: $ 1 <= 00000000
@000039fc: $ 9 <= 00000000
@00003a00: $15 <= 00000000
@00003a04: $ 9 <= 00000000
@00003a08: $ 1 <= ffffffff
@00003a10: $15 <= 1fffffff
@00003a14: $ 1 <= ffffffff
@00003a18: $15 <= 00000000
@00003a1c: *00000004 <= ffffffff
@00003a24: $15 <= 00000000
@00003a28: *00000004 <= ffffffff
@00003a2c: $15 <= 00000000
@00003a30: $ 9 <= ffffffff
@00003a34: $15 <= 00000000
@00003a38: $15 <= 00000000
@00003a3c: $ 9 <= 00000000
@00003a40: $15 <= ffffffff
@00003a44: $ 1 <= 00000000
@00003a4c: $ 9 <= 00000000
@00003a50: $31 <= 00003a58
@00003a54: $ 9 <= 00000010
@00003a5c: $ 9 <= 00003a68
@00003a68: $15 <= 00003a68
@00003a6c: $ 1 <= 00000001
@00003a7c: $15 <= 00000000
@00003a80: *00000008 <= ffff00c4
@00003a84: $ 9 <= 00003a68
@00003a88: $ 1 <= 1aa10000
@00003a8c: $ 1 <= 00000000
@00003a90: *00000000 <= 00000000
@00003a94: $31 <= 00003a9c
@00003a98: $15 <= 00000010
@00003aa0: $15 <= 00003aac
@00003aa4: $15 <= 00003aac
@00003aac: $ 9 <= 00000000
@00003ab8: $15 <= 00000000
@00003abc: $15 <= 00000000
@00003ac0: $ 1 <= 00000000
@00003ac4: $15 <= 00000000
@00003ac8: $ 1 <= 00000000
@00003ad0: $ 1 <= 00000000
@00003adc: $ 9 <= 00000001
@00003ae4: $15 <= 00000000
@00003aec: $ 9 <= 00000002
@00003af0: $15 <= 00000000
@00003af4: *0000000c <= 00000002
@00003af8: $ 9 <= 00000002
@00003afc: $ 1 <= 00000000
@00003b00: $15 <= 00000000
@00003b08: $ 9 <= 00000000
@00003b14: $ 1 <= 00000000
@00003b18: $ 9 <= 00000000
@00003b1c: $ 1 <= 00000000
@00003b20: $ 9 <= 00000000
@00003b24: $ 1 <= 00000000
@00003b28: $ 1 <= 00000000
@00003b2c: $15 <= 00006ee1
@00003b30: $ 1 <= 00000001
@00003b38: $31 <= 00003b40
@00003b3c: $ 9 <= 00000010
@00003b44: $ 9 <= 00003b50
@00003b50: $15 <= 00003b51
@00003b54: $ 9 <= 00000001
@00003b5c: $ 1 <= 00003b77
@00003b60: $ 1 <= 00003b77
@00003b64: $ 9 <= 00000001
@00003b74: $ 9 <= 00000000
@00003b80: $ 1 <= 0dc73da7
@00003b88: $15 <= 00000000
@00003b8c: *00000000 <= 00000000
@00003b90: $ 1 <= 00000000
@00003b94: $15 <= d6980000
@00003b98: $ 1 <= 00000000
@00003b9c: $ 1 <= 00000002
@00003ba0: $ 1 <= d6980000
@00003ba8: $ 9 <= 00000000
@00003bac: $15 <= d6980000
@00003bb0: $ 1 <= 00000000
@00003bb8: $ 1 <= 00000001
@00003bc0: $ 9 <= 00000001
@00003bc8: $ 9 <= 00000001
@00003bcc: $ 9 <= 00000001
@00003bd4: $ 9 <= d6980001
@00003be4: $15 <= b3e27a40
@00003be8: $ 1 <= 00000000
@00003bec: *0000000c <= 00000000
@00003bf4: $ 1 <= 00000001
@00003bfc: $15 <= 00007840
@00003c00: $15 <= 00004000
@00003c04: $ 9 <= 00000000
@00003c08: $ 1 <= 0000a251
@00003c0c: $ 1 <= 00000001
@00003c10: $ 1 <= 00000001
@00003c20: $ 1 <= 00000001
@00003c24: $15 <= 00000000
@00003c28: $ 1 <= ffffffff
@00003c2c: $ 9 <= 00000000
@00003c30: $15 <= 00000000
@00003c38: $15 <= 00000000
@00003c3c: $ 1 <= ffffffff
@00003c40: $ 9 <= 00000001
@00003c48: $15 <= 00000000
@00003c4c: $15 <= ffff00c4
@00003c50: $ 9 <= ffff2374
@00003c54: $15 <= ffffffff
@00003c58: $15 <= 00000003
@00003c5c: $15 <= 00000000
@00003c60: $15 <= 00000000
@00003c64: $ 1 <= 00000000
@00003c6c: $ 9 <= ffff2375
@00003c74: $ 9 <= 00000000
@00003c78: *00000008 <= 00000000
@00003c7c: $ 1 <= 00000001
@00003c84: $ 1 <= 00000000
@00003c88: $15 <= 00000000
@00003c8c: $ 9 <= 00000000
@00003c90: $ 1 <= 00000000
@00003c94: $15 <= 00000000
@00003c98: *0000000c <= 00000000
@00003c9c: $ 1 <= 00000000
@00003ca4: $ 1 <= 00000000
@00003cac: $ 1 <= ffffffff
@00003cb0: $ 1 <= ffffffff
@00003cb8: $ 9 <= 00000000
@00003cbc: $15 <= 00000001
@00003cc4: $ 9 <= 00000001
@00003ccc: $15 <= 00000000
@00003cd0: *00000000 <= ffffffff
@00003cdc: $15 <= ef9d0000
@00003ce0: $15 <= 00000000
@00003ce4: $ 1 <= 00000000
@00003ce8: $15 <= 000037f9
@00003cec: $ 9 <= 0000bc14
@00003cf0: $31 <= 00003cf8
@00003cf4: $ 1 <= 00000010
@00003cfc: $ 1 <= 00003d08
@00003d00: $ 1 <= 00003d08
@00003d0c: $ 1 <= 00008569
@00003d14: $15 <= 00000000
@00003d18: $ 1 <= ffffffff
@00003d1c: $ 1 <= 00000001
@00003d20: $ 9 <= fffffffe
@00003d24: $ 1 <= 00000001
@00003d28: $15 <= 00000000
@00003d2c: $ 9 <= 00000001
@00003d30: $ 9 <= 00000000
@00003d34: $ 9 <= ffffffff
@00003d38: $ 1 <= 00000001
@00003d3c: $ 1 <= 00000001
@00003d44: $15 <= 00000001
@00003d48: $ 9 <= ffffffff
@00003d50: $ 9 <= 80000000
@00003d54: $15 <= 00000001
@00003d5c: $ 1 <= 00000000
@00003d64: $ 9 <= 00000000
@00003d6c: $15 <= 00000000
@00003d70: $ 1 <= 00000000
@00003d74: $ 1 <= 00000000
@00003d78: $ 9 <= 00006f1f
@00003d80: $15 <= 00000000
@00003d88: $ 1 <= 00000000
@00003d90: $ 1 <= 00000000
@00003d94: *00000000 <= 1fffffff
@00003d98: $ 1 <= 00000000
@00003d9c: $ 9 <= 00000000
@00003da4: $ 1 <= 00000000
@00003da8: $ 1 <= 00000000
@00003dac: $ 9 <= 00000000
@00003db0: $15 <= 0000894b
@00003db8: $15 <= 00000000
@00003dc0: $ 9 <= 00000000
@00003dc4: $ 1 <= 00000000
@00003dc8: $ 1 <= 00000001
@00003dd0: $ 1 <= 00000000
@00003dd8: $15 <= 00000000
@00003ddc: $ 1 <= 00000000
@00003de0: *00000008 <= 00000000
@00003de4: $ 9 <= 0000f8b8
@00003de8: $15 <= 00000000
@00003dec: *00000004 <= ffff0000
@00003df4: $ 1 <= ffffffff
@00003e00: $15 <= 00000000
@00003e04: $15 <= 00000000
@00003e08: $ 1 <= 0000f8b8
@00003e0c: $15 <= 00000000
@00003e14: $15 <= 0000e3a6
@00003e1c: $ 9 <= 00004355
@00003e20: $15 <= 00004355
@00003e28: $ 9 <= 00000000
@00003e2c: *00000000 <= 00000000
@00003e30: $15 <= 00000000
@00003e34: $15 <= 00000000
@00003e38: $15 <= 00000000
@00003e3c: *00000008 <= 00000000
@00003e40: $15 <= 00000000
@00003e44: $ 9 <= 00000001
