@00003000: $28 <= 00000000
@00003004: $29 <= 00000000
@00003008: *00000980 <= 00000000
@0000300c: $10 <= 000043c4
@00003010: $10 <= 000066ad
@00003018: *000008ec <= 00000000
@00003020: $10 <= 00000000
@00003028: $ 8 <= 00000000
@00003030: $10 <= 000048b6
@00003038: $24 <= 00000000
@00003040: $ 8 <= 00007072
@00003044: $10 <= 000048b6
@0000304c: $10 <= 0000916c
@00003054: $ 8 <= 0000fa7b
@00003058: $24 <= 00018be7
@0000305c: $24 <= 0000937f
@00003060: $ 8 <= 00000000
@00003064: $10 <= 0000937f
@0000306c: $24 <= 0000bb7f
@00003074: $10 <= 000126fe
@00003078: $10 <= 0000df4f
@0000307c: *00000ff0 <= 0000df4f
@00003080: $24 <= 0000df4f
@00003088: $ 8 <= f07a0000
@00003090: $10 <= 0001be9e
@00003094: $ 8 <= 00037d3c
@00003098: $ 8 <= 9d490000
@0000309c: $24 <= 69500000
@000030a0: $10 <= 4c910000
@000030a4: $31 <= 000030ac
@000030a8: $24 <= 0000000c
@000030b0: $24 <= 000030b8
@000030b8: $ 8 <= 00000000
@000030b8: $ 8 <= 00000000
@000030bc: $10 <= 000078b9
@000030c0: *0000028c <= 000078b9
@000030c4: $ 8 <= 00002875
@000030c8: $10 <= 621d0000
@000030cc: $24 <= 621ccf48
@000030d0: $ 8 <= 736a0000
@000030d8: $ 8 <= 00000000
@000030e0: $ 8 <= 9de330b8
@000030e4: $24 <= 25830000
@000030e8: $24 <= 2583056c
@000030ec: $10 <= 3c99fa94
@000030f0: $ 8 <= 4b060ad8
@000030f4: $ 8 <= da7cfa94
@000030f8: $24 <= eaf10000
@000030fc: $24 <= b4f9f528
@00003100: $24 <= b4f9f56a
@00003104: $10 <= 0a800000
@00003108: $31 <= 00003110
@0000310c: $ 8 <= 0000000c
@00003114: $ 8 <= 0000311c
@0000311c: $24 <= 0a80ddf4
@0000311c: $24 <= 0a80ddf4
@00003124: $ 8 <= 0000ddf4
@0000312c: $24 <= 00000000
@00003130: $10 <= 0a800000
@00003134: $10 <= 0a80bd23
@0000313c: $10 <= 2d270000
@00003144: $24 <= d2d90000
@00003148: $10 <= d2d9b6a2
@0000314c: $31 <= 00003154
@00003150: $10 <= 0000000c
@00003158: $10 <= 00003160
@00003160: $ 8 <= 0001bbe8
@00003160: $ 8 <= 000377d0
@00003164: $31 <= 0000316c
@00003168: $24 <= 0000000c
@00003170: $24 <= 00003178
@00003178: *000000c8 <= 00003160
@00003178: *000000c8 <= 00003160
@00003180: $ 8 <= 0006efa0
@00003188: $10 <= 000ddf40
@00003190: $10 <= 00000000
@00003194: *000001a4 <= 00000000
@00003198: *0000031c <= 00003178
@0000319c: $24 <= 0000f97f
@000031a4: $10 <= 0000fbff
@000031ac: *00000b18 <= 0000fbff
@000031b0: $31 <= 000031b8
@000031b4: $10 <= 0000000c
@000031bc: $10 <= 000031c4
@000031c4: $24 <= 00000000
@000031c4: $24 <= 00000000
@000031c8: *00000650 <= 00000000
@000031d0: $10 <= 00000000
@000031d8: $ 8 <= 000ddf40
@000031dc: $31 <= 000031e4
@000031e0: $ 8 <= 0000000c
@000031e8: $ 8 <= 000031f0
@000031f0: $10 <= 00003bfe
@000031f0: $10 <= 00003bfe
@000031f4: $24 <= 3d4b0000
@000031f8: $24 <= 00000a0e
@000031fc: $ 8 <= 000071fe
@00003200: $ 8 <= 0000bffe
@00003204: $ 8 <= 00008b0e
@0000320c: $ 8 <= 00009bbe
@00003210: $24 <= 301c0000
@00003214: $24 <= 301c9bbe
@00003218: $ 8 <= 1dd60000
@00003220: $ 8 <= 00000000
@00003228: $ 8 <= 00000000
@0000322c: $ 8 <= 301cd7bc
@00003230: $ 8 <= c0370000
@00003238: $ 8 <= 00000000
@00003240: $ 8 <= 0000bbff
@00003244: $10 <= 64b80000
@00003248: $ 8 <= 94d49bbe
@0000324c: $24 <= 64b80000
@00003250: $31 <= 00003258
@00003254: $10 <= 0000000c
@0000325c: $10 <= 00003264
@00003264: $10 <= 94d4fffe
@00003264: $10 <= 94d4fffe
@00003268: $ 8 <= b16b0000
@0000326c: $ 8 <= 6ae20000
@00003270: $24 <= 6ae2986c
@00003274: $31 <= 0000327c
@00003278: $ 8 <= 0000000c
@00003280: $ 8 <= 00003288
@00003288: $ 8 <= 94d4cd76
@00003288: $ 8 <= 00003288
@0000328c: $24 <= 951d9a1c
@00003290: *00000960 <= 951d9a1c
@00003298: $ 8 <= 94d53286
@000032a0: $10 <= 29aa650c
@000032a4: *000006d8 <= 29aa650c
@000032a8: $10 <= 951dde9d
@000032b0: $24 <= 4bef0000
@000032b4: $ 8 <= b6d12163
@000032b8: *00000844 <= 4bef0000
@000032bc: $24 <= 951dde9d
@000032c0: $31 <= 000032c8
@000032c4: $24 <= 0000000c
@000032cc: $24 <= 000032d4
@000032d4: *000003c8 <= 000032d4
@000032d4: *000003c8 <= 000032d4
@000032d8: $ 8 <= 00000000
@000032dc: $24 <= 70bc0000
@000032e0: $ 8 <= 00000000
@000032e4: $31 <= 000032ec
@000032e8: $24 <= 0000000c
@000032f0: $24 <= 000032f8
@000032f8: $24 <= c7880000
@000032f8: $24 <= c7880000
@000032fc: $10 <= 951dfeff
@00003300: $ 8 <= 00000000
@00003304: $ 8 <= 00000000
@00003308: *00000298 <= c7880000
@00003310: *00000390 <= 00000000
@00003318: $10 <= c788af6d
@0000331c: $24 <= c7880000
@00003320: $24 <= d78d0000
@00003328: $ 8 <= 00000000
@0000332c: $10 <= 00000000
@00003330: $ 8 <= 00000000
@00003338: $24 <= 00006211
@00003340: $24 <= 00006211
@00003344: *00000880 <= 00006211
@0000334c: $ 8 <= d3010000
@00003350: $24 <= 00000000
@00003354: $ 8 <= 00007eef
@0000335c: $24 <= 00000000
@00003360: $ 8 <= b1940000
@00003364: $10 <= 00000000
@00003368: $10 <= 00000000
@0000336c: $ 8 <= 00000000
@00003374: $10 <= 00003546
@0000337c: $ 8 <= 00000000
@00003384: $24 <= 00003546
@00003388: $10 <= 0000f5df
@0000338c: $10 <= 0000f5df
@00003390: $10 <= 0000ffff
@00003394: $10 <= 00000000
@0000339c: $ 8 <= fc210000
@000033a4: $ 8 <= 03df0000
@000033a8: $ 8 <= 03decaba
@000033b0: $ 8 <= 00003d7e
@000033b8: $ 8 <= 00003546
@000033bc: $ 8 <= 00006a8c
@000033c0: $24 <= 00000000
@000033c8: $10 <= 00006a8c
@000033d0: $24 <= 0000fa9d
@000033d4: *000009bc <= 00006a8c
@000033dc: $ 8 <= 00000000
@000033e0: $ 8 <= 00006adf
@000033e4: *000000fc <= 0000fa9d
@000033e8: $ 8 <= 0000feff
@000033ec: $24 <= 0001f53a
@000033f4: $24 <= 8e6f0000
@000033fc: $10 <= 8e6f9776
@00003400: $31 <= 00003408
@00003404: $ 8 <= 0000000c
@0000340c: $ 8 <= 00003414
@00003414: $10 <= 8e6f01c3
@00003414: $10 <= 8e6f01c3
@00003418: $ 8 <= 00000000
@0000341c: $24 <= e0d80000
@00003420: $10 <= 8e6f8feb
@00003424: $31 <= 0000342c
@00003428: $24 <= 0000000c
@00003430: $24 <= 00003438
@00003438: $ 8 <= 8e6f9feb
@00003438: $ 8 <= 8e6f9feb
@0000343c: $10 <= e9c40000
@00003440: $ 8 <= b9240000
@00003444: $10 <= 00000000
@00003448: $ 8 <= ffffcbc8
@00003450: *00000724 <= ffffcbc8
@00003454: $ 8 <= ffffcbc8
@00003458: $ 8 <= 93290000
@0000345c: $10 <= 224d0000
@00003464: $10 <= ddb33438
@0000346c: $ 8 <= ddb30000
@00003470: $31 <= 00003478
@00003474: $ 8 <= 0000000c
@0000347c: $ 8 <= 00003484
@00003484: $24 <= 00000000
@00003484: $24 <= 00000000
@00003488: $10 <= 224d004c
@0000348c: *00000844 <= 00000000
@00003494: $ 8 <= 00000000
@0000349c: $ 8 <= 224d1a4e
@000034a0: $ 8 <= 224dac6e
@000034a4: $24 <= 00000000
@000034a8: *000009a4 <= 00000000
@000034ac: $24 <= c94c0000
@000034b0: $ 8 <= 224dfc6f
@000034b4: $24 <= 449afcbb
@000034b8: $ 8 <= 66e7fd07
@000034bc: $ 8 <= 8934fd53
@000034c0: $10 <= 74450000
@000034c4: $31 <= 000034cc
@000034c8: $10 <= 0000000c
@000034d0: $10 <= 000034d8
@000034d8: $ 8 <= e1470000
@000034d8: $ 8 <= e1470000
@000034dc: $10 <= 6353fcbb
@000034e0: $ 8 <= 449afebb
@000034e4: $ 8 <= e1470200
@000034e8: $24 <= 663a0000
@000034f0: $24 <= 754e0000
@000034f8: $24 <= 9406fe00
@000034fc: $10 <= e14706bc
@00003500: $10 <= 00000000
@00003508: *00000f80 <= 9406fe00
@0000350c: $ 8 <= 1eb8fe00
@00003510: $10 <= 00000000
@00003518: $24 <= 00000000
@0000351c: $10 <= 00000000
@00003520: $ 8 <= 1eb8ff5b
@00003524: *00000a64 <= 00000000
@00003528: *000004bc <= 00000000
@0000352c: $24 <= 1eb8fffb
@00003530: $10 <= 3d71feb6
@00003538: $ 8 <= e1470145
@00003540: $10 <= a3d5028f
@00003544: $24 <= c28e014a
@00003548: *000001c0 <= e1470145
@0000354c: $24 <= 851c03d4
@00003550: $24 <= 00000000
@00003554: $24 <= a3d597af
@00003558: $31 <= 00003560
@0000355c: $24 <= 0000000c
@00003564: $24 <= 0000356c
@0000356c: $ 8 <= 62820000
@0000356c: $ 8 <= 62820000
@00003570: $24 <= 6282b828
@00003574: $10 <= b25b0000
@00003578: $24 <= 00000000
@0000357c: $ 8 <= 9d7e0000
@00003580: $ 8 <= ecef0000
@00003584: $24 <= 00000000
@0000358c: $24 <= a7e10000
@00003590: $10 <= 00000000
@00003594: $24 <= 00000000
@00003598: $24 <= ecefa70a
@0000359c: $31 <= 000035a4
@000035a0: $10 <= 0000000c
@000035a8: $10 <= 000035b0
@000035b0: $24 <= ffff58f6
@000035b0: $24 <= ecefa70a
@000035b4: *0000085c <= ecefa70a
@000035b8: $10 <= 00000000
@000035bc: $24 <= ffff58f6
@000035c0: $ 8 <= 00000000
@000035c4: $24 <= 7a790000
@000035c8: $24 <= 00000000
@000035cc: $24 <= 00000000
@000035d0: $10 <= 0000abd9
@000035d4: $31 <= 000035dc
@000035d8: $ 8 <= 0000000c
@000035e0: $ 8 <= 000035e8
@000035e8: $24 <= 0000f7ff
@000035e8: $24 <= 0000f7ff
@000035f0: *00000d90 <= 000035e8
@000035f8: $ 8 <= 00000000
@000035fc: $24 <= 0000abd9
@00003600: *00000a3c <= 00000000
@00003604: *00000af8 <= 0000abd9
@00003608: $24 <= b0e40000
@0000360c: $10 <= 00001904
@00003614: $10 <= 59f10000
@0000361c: $10 <= a60f0000
@00003620: $31 <= 00003628
@00003624: $24 <= 0000000c
@0000362c: $24 <= 00003634
@00003634: $10 <= 00000000
@00003634: $10 <= 00000000
@00003638: $10 <= 00000000
@0000363c: $10 <= 00000000
@00003644: $24 <= 00003634
@00003648: $10 <= 00000000
@0000364c: $10 <= 00003634
@00003650: *00000770 <= 00003634
@00003654: $10 <= 0000efb9
@0000365c: $10 <= 0000ffb9
@00003664: $ 8 <= 00003634
@00003668: $ 8 <= 00000000
@0000366c: $ 8 <= 00003e3e
@00003670: $24 <= b36c0000
@00003674: $24 <= 00000000
@00003678: $24 <= ffff3e85
@0000367c: $ 8 <= 00000000
@00003680: $31 <= 00003688
@00003684: $10 <= 0000000c
@0000368c: $10 <= 00003694
@00003694: $10 <= 00000000
@00003694: $10 <= 00000000
@00003698: *00000ed0 <= ffff3e85
@0000369c: $10 <= 00000000
@000036a0: $ 8 <= 00002d2e
@000036a4: $10 <= 00000000
@000036a8: $10 <= 00004273
@000036ac: $10 <= 6cf50000
@000036b0: *00000970 <= 00002d2e
@000036b4: $31 <= 000036bc
@000036b8: $10 <= 0000000c
@000036c0: $10 <= 000036c8
@000036c8: *00000b3c <= ffff3e85
@000036c8: *00000b3c <= ffff3e85
@000036cc: $10 <= ffffff9f
@000036d0: $10 <= fbd90000
@000036d4: $31 <= 000036dc
@000036d8: $24 <= 0000000c
@000036e0: $24 <= 000036e8
@000036e8: $ 8 <= 00006dd0
@000036e8: $ 8 <= 00006dd0
@000036ec: *00000298 <= fbd90000
@000036f0: $24 <= fbd96dd0
@000036f8: $10 <= 64b40000
@00003700: $ 8 <= fbd9dba0
@00003704: $10 <= 65ae0000
@00003708: $ 8 <= 3e830000
@00003710: $10 <= 00000000
@00003714: $ 8 <= 00000000
@00003718: $ 8 <= f7b2dba0
@0000371c: *0000066c <= 00000000
@00003720: $10 <= c9bb0000
@00003724: $ 8 <= f7b2dba0
@0000372c: $ 8 <= 00000000
@00003730: $10 <= f7b2dba0
@00003734: $24 <= 00000000
@0000373c: $24 <= 00000000
@00003740: $ 8 <= f7b2dba0
@00003744: $24 <= ef65b740
@00003748: $10 <= f79f0000
@0000374c: $ 8 <= 00000000
@00003750: $31 <= 00003758
@00003754: $24 <= 0000000c
@0000375c: $24 <= 00003764
@00003764: $24 <= 00000000
@00003764: $24 <= 00000000
@00003768: *00000f94 <= f79f0000
@0000376c: $31 <= 00003774
@00003770: $ 8 <= 0000000c
@00003778: $ 8 <= 00003780
@00003780: $10 <= ef3e0000
@00003780: $10 <= de7c0000
@00003784: *00000d6c <= 00000000
@00003788: $10 <= 0000cedf
@0000378c: $10 <= a6a40000
@00003794: $ 8 <= a6a40000
@0000379c: $10 <= 00000000
@000037a0: $10 <= d9ce0000
@000037a8: $24 <= 170c0000
@000037b0: $10 <= ccd60000
@000037b4: *00000798 <= a6a40000
@000037b8: $ 8 <= 170c4340
@000037c0: $24 <= 00000000
@000037c8: $24 <= e3e24340
@000037cc: *00000088 <= e3e24340
@000037d4: $24 <= 3e980000
@000037dc: $10 <= e3e24340
@000037e0: *0000095c <= 3e980000
@000037e8: *00000454 <= 3e980000
@000037ec: $10 <= 5ab5bcc0
@000037f0: $10 <= 71c20000
@000037f4: *00000b38 <= 71c20000
@000037f8: $ 8 <= 00000000
@00003800: $24 <= 71c2d40f
@00003808: $24 <= 00000000
@0000380c: $10 <= 71c20000
@00003810: $24 <= 00000000
@00003814: *00000c28 <= 00000000
@00003818: $ 8 <= 00000000
@0000381c: $ 8 <= 71c20000
@00003820: $24 <= 71c271b2
@00003824: $10 <= 000071b2
@0000382c: $10 <= 71c20ede
@00003830: $24 <= e3840000
@00003834: $24 <= 00000000
@00003838: *000008a4 <= 71c20000
@0000383c: $10 <= 71c20000
@00003844: $24 <= 71c2b5bc
@0000384c: $10 <= 00000000
@00003854: $ 8 <= 00000000
@00003858: $24 <= 71c2b7fd
@0000385c: $ 8 <= 9fca0000
@00003864: $ 8 <= 00000000
@0000386c: $ 8 <= 15940000
@00003870: *000002c0 <= 15940000
@00003874: $ 8 <= 000078f2
@0000387c: $10 <= 8e3dc0f5
@00003884: *00000114 <= 71c2b7fd
@00003888: $ 8 <= 00000000
@0000388c: *00000b74 <= 71c2b7fd
@00003890: $10 <= 00000000
@00003894: $ 8 <= fc3d0000
@00003898: $ 8 <= 3b9a0000
@0000389c: $ 8 <= 4ced0000
@000038a4: $ 8 <= 00000000
@000038ac: $24 <= 00000000
@000038b0: $ 8 <= 8b510000
@000038b8: $10 <= 00000000
@000038c0: $10 <= 0000f794
@000038c4: $31 <= 000038cc
@000038c8: $10 <= 0000000c
@000038d0: $10 <= 000038d8
@000038d8: $24 <= fa640000
@000038d8: $24 <= fa640000
@000038dc: $ 8 <= ddb40000
@000038e0: $10 <= ddb4c5d1
@000038e4: $24 <= 00000000
@000038e8: $31 <= 000038f0
@000038ec: $10 <= 0000000c
@000038f4: $10 <= 000038fc
@000038fc: $10 <= 00000000
@000038fc: $10 <= 00000000
@00003904: $10 <= ddb40000
@0000390c: $ 8 <= ddb408a0
@00003910: $31 <= 00003918
@00003914: $ 8 <= 0000000c
@0000391c: $ 8 <= 00003924
@00003924: $24 <= 00003641
@00003924: $24 <= 00003641
@00003928: $ 8 <= 00000000
@0000392c: $ 8 <= ddb40000
@00003930: $ 8 <= 91170000
@00003938: $ 8 <= 0000f76d
@0000393c: $10 <= ddb4bf2a
@00003940: $ 8 <= 259f0000
@00003944: $10 <= 00000000
@00003948: $31 <= 00003950
@0000394c: $24 <= 0000000c
@00003954: $24 <= 0000395c
@0000395c: $10 <= 00000000
@0000395c: $10 <= 00000000
@00003960: $ 8 <= 00000000
@00003968: $ 8 <= 0000395c
@00003970: $10 <= a9530000
@00003974: $24 <= 00003d7d
@00003978: $10 <= 00007ffd
@00003980: $ 8 <= 0000bd7a
@00003984: $24 <= 9b0d0000
@00003988: $10 <= 00000000
@0000398c: $24 <= 00000000
@00003994: $ 8 <= 0000fffb
@0000399c: $ 8 <= 0000ffff
@000039a4: $ 8 <= 0000ffff
@000039ac: $24 <= ffff0001
@000039b0: $31 <= 000039b8
@000039b4: $10 <= 0000000c
@000039bc: $10 <= 000039c4
@000039c4: $24 <= fffe0002
@000039c4: $24 <= fffc0004
@000039c8: $24 <= 0000ffff
@000039cc: $10 <= 0000c63b
@000039d0: $31 <= 000039d8
@000039d4: $24 <= 0000000c
@000039dc: $24 <= 000039e4
@000039e4: $10 <= 0001fffe
@000039e4: $10 <= 0001fffe
@000039e8: $24 <= 0001c61a
@000039ec: $10 <= a4070000
@000039f0: $31 <= 000039f8
@000039f4: $24 <= 0000000c
@000039fc: $24 <= 00003a04
@00003a04: $10 <= ffff3a05
@00003a04: $10 <= ffff3a05
@00003a08: $24 <= ffff7af7
@00003a0c: $10 <= fffeb4fc
@00003a14: $ 8 <= fffe2ff3
@00003a18: $10 <= fffeb7ff
@00003a1c: $10 <= ffff3e85
@00003a20: $24 <= fffd6e78
@00003a28: $24 <= fffeeff3
@00003a30: $24 <= fffe6ff3
@00003a34: $10 <= fffd6e78
@00003a38: $24 <= fffe6ff3
@00003a3c: $24 <= fffadcf0
@00003a40: $24 <= 634e0000
@00003a44: $ 8 <= 1cfc0000
@00003a48: $ 8 <= 39f80000
@00003a4c: $10 <= 634b6e78
@00003a54: $10 <= 00000000
@00003a58: $ 8 <= 8c870000
@00003a5c: $10 <= a9550000

