WARNING: D:\coding\CO\Verilog\P5/ifu.v:37: $readmemh(code.txt): Not enough words in the file for the requested range [0:1024].
                  45@00003000: $28 <= 00000000
                  55@00003004: $29 <= 00000000
                  55@00003008: *00000980 <= 00000000
                  75@0000300c: $10 <= 000043c4
                  85@00003010: $10 <= 000066ad
                  95@00003018: *000008ec <= 00000000
                 115@00003020: $10 <= 00000000
                 135@00003028: $ 8 <= 00000000
                 145@00003030: $10 <= 000048b6
                 165@00003038: $24 <= 00000000
                 175@00003040: $ 8 <= 00007072
                 185@00003044: $10 <= 000048b6
                 205@0000304c: $10 <= 0000916c
                 215@00003054: $ 8 <= 0000fa7b
                 225@00003058: $24 <= 00018be7
                 235@0000305c: $24 <= 0000937f
                 245@00003060: $ 8 <= 00000000
                 265@00003064: $10 <= 0000937f
                 285@0000306c: $24 <= 0000bb7f
                 295@00003074: $10 <= 000126fe
                 305@0000307c: *00000ff0 <= 0000df4f
                 305@00003078: $10 <= 0000df4f
                 325@00003080: $24 <= 0000df4f
                 345@00003088: $ 8 <= f07a0000
                 355@00003090: $10 <= 0001be9e
                 365@00003094: $ 8 <= 00037d3c
                 375@00003098: $ 8 <= 9d490000
                 385@0000309c: $24 <= 69500000
                 395@000030a0: $10 <= 4c910000
                 405@000030a4: $31 <= 000030ac
                 415@000030a8: $24 <= 0000000c
                 425@000030b0: $24 <= 000030b8
                 455@000030b8: $ 8 <= 00000000
                 465@000030b8: $ 8 <= 00000000
                 475@000030bc: $10 <= 000078b9
                 475@000030c0: *0000028c <= 000078b9
                 495@000030c4: $ 8 <= 00002875
                 505@000030c8: $10 <= 621d0000
                 515@000030cc: $24 <= 621ccf48
                 525@000030d0: $ 8 <= 736a0000
                 545@000030d8: $ 8 <= 00000000
                 565@000030e0: $ 8 <= 9de330b8
                 575@000030e4: $24 <= 25830000
                 585@000030e8: $24 <= 2583056c
                 595@000030ec: $10 <= 3c99fa94
                 605@000030f0: $ 8 <= 4b060ad8
                 615@000030f4: $ 8 <= da7cfa94
                 625@000030f8: $24 <= eaf10000
                 635@000030fc: $24 <= b4f9f528
                 645@00003100: $24 <= b4f9f56a
                 655@00003104: $10 <= 0a800000
                 665@00003108: $31 <= 00003110
                 675@0000310c: $ 8 <= 0000000c
                 685@00003114: $ 8 <= 0000311c
                 715@0000311c: $24 <= 0a80ddf4
                 725@0000311c: $24 <= 0a80ddf4
                 745@00003124: $ 8 <= 0000ddf4
                 755@0000312c: $24 <= 00000000
                 775@00003130: $10 <= 0a800000
                 785@00003134: $10 <= 0a80bd23
                 805@0000313c: $10 <= 2d270000
                 815@00003144: $24 <= d2d90000
                 825@00003148: $10 <= d2d9b6a2
                 835@0000314c: $31 <= 00003154
                 845@00003150: $10 <= 0000000c
                 855@00003158: $10 <= 00003160
                 885@00003160: $ 8 <= 0001bbe8
                 895@00003160: $ 8 <= 000377d0
                 905@00003164: $31 <= 0000316c
                 915@00003168: $24 <= 0000000c
                 925@00003170: $24 <= 00003178
                 945@00003178: *000000c8 <= 00003160
                 955@00003178: *000000c8 <= 00003160
                 985@00003180: $ 8 <= 0006efa0
                 995@00003188: $10 <= 000ddf40
                1025@00003194: *000001a4 <= 00000000
                1025@00003190: $10 <= 00000000
                1035@00003198: *0000031c <= 00003178
                1055@0000319c: $24 <= 0000f97f
                1075@000031a4: $10 <= 0000fbff
                1075@000031ac: *00000b18 <= 0000fbff
                1095@000031b0: $31 <= 000031b8
                1105@000031b4: $10 <= 0000000c
                1115@000031bc: $10 <= 000031c4
                1145@000031c4: $24 <= 00000000
                1155@000031c4: $24 <= 00000000
                1155@000031c8: *00000650 <= 00000000
                1185@000031d0: $10 <= 00000000
                1195@000031d8: $ 8 <= 000ddf40
                1205@000031dc: $31 <= 000031e4
                1215@000031e0: $ 8 <= 0000000c
                1225@000031e8: $ 8 <= 000031f0
                1255@000031f0: $10 <= 00003bfe
                1265@000031f0: $10 <= 00003bfe
                1275@000031f4: $24 <= 3d4b0000
                1285@000031f8: $24 <= 00000a0e
                1295@000031fc: $ 8 <= 000071fe
                1305@00003200: $ 8 <= 0000bffe
                1315@00003204: $ 8 <= 00008b0e
                1335@0000320c: $ 8 <= 00009bbe
                1345@00003210: $24 <= 301c0000
                1355@00003214: $24 <= 301c9bbe
                1365@00003218: $ 8 <= 1dd60000
                1385@00003220: $ 8 <= 00000000
                1395@00003228: $ 8 <= 00000000
                1405@0000322c: $ 8 <= 301cd7bc
                1415@00003230: $ 8 <= c0370000
                1435@00003238: $ 8 <= 00000000
                1445@00003240: $ 8 <= 0000bbff
                1455@00003244: $10 <= 64b80000
                1465@00003248: $ 8 <= 94d49bbe
                1475@0000324c: $24 <= 64b80000
                1485@00003250: $31 <= 00003258
                1495@00003254: $10 <= 0000000c
                1505@0000325c: $10 <= 00003264
                1535@00003264: $10 <= 94d4fffe
                1545@00003264: $10 <= 94d4fffe
                1555@00003268: $ 8 <= b16b0000
                1565@0000326c: $ 8 <= 6ae20000
                1575@00003270: $24 <= 6ae2986c
                1585@00003274: $31 <= 0000327c
                1595@00003278: $ 8 <= 0000000c
                1605@00003280: $ 8 <= 00003288
                1635@00003288: $ 8 <= 94d4cd76
                1645@00003288: $ 8 <= 00003288
                1655@0000328c: $24 <= 951d9a1c
                1655@00003290: *00000960 <= 951d9a1c
                1685@00003298: $ 8 <= 94d53286
                1695@000032a0: $10 <= 29aa650c
                1695@000032a4: *000006d8 <= 29aa650c
                1715@000032a8: $10 <= 951dde9d
                1735@000032b0: $24 <= 4bef0000
                1745@000032b8: *00000844 <= 4bef0000
                1745@000032b4: $ 8 <= b6d12163
                1765@000032bc: $24 <= 951dde9d
                1775@000032c0: $31 <= 000032c8
                1785@000032c4: $24 <= 0000000c
                1795@000032cc: $24 <= 000032d4
                1815@000032d4: *000003c8 <= 000032d4
                1825@000032d4: *000003c8 <= 000032d4
                1845@000032d8: $ 8 <= 00000000
                1855@000032dc: $24 <= 70bc0000
                1865@000032e0: $ 8 <= 00000000
                1875@000032e4: $31 <= 000032ec
                1885@000032e8: $24 <= 0000000c
                1895@000032f0: $24 <= 000032f8
                1925@000032f8: $24 <= c7880000
                1935@000032f8: $24 <= c7880000
                1945@000032fc: $10 <= 951dfeff
                1955@00003300: $ 8 <= 00000000
                1965@00003308: *00000298 <= c7880000
                1965@00003304: $ 8 <= 00000000
                1985@00003310: *00000390 <= 00000000
                2005@00003318: $10 <= c788af6d
                2015@0000331c: $24 <= c7880000
                2025@00003320: $24 <= d78d0000
                2045@00003328: $ 8 <= 00000000
                2055@0000332c: $10 <= 00000000
                2065@00003330: $ 8 <= 00000000
                2095@00003338: $24 <= 00006211
                2105@00003344: *00000880 <= 00006211
                2105@00003340: $24 <= 00006211
                2135@0000334c: $ 8 <= d3010000
                2145@00003350: $24 <= 00000000
                2165@00003354: $ 8 <= 00007eef
                2195@0000335c: $24 <= 00000000
                2205@00003360: $ 8 <= b1940000
                2215@00003364: $10 <= 00000000
                2225@00003368: $10 <= 00000000
                2235@0000336c: $ 8 <= 00000000
                2275@00003374: $10 <= 00003546
                2285@0000337c: $ 8 <= 00000000
                2305@00003384: $24 <= 00003546
                2315@00003388: $10 <= 0000f5df
                2325@0000338c: $10 <= 0000f5df
                2335@00003390: $10 <= 0000ffff
                2345@00003394: $10 <= 00000000
                2365@0000339c: $ 8 <= fc210000
                2375@000033a4: $ 8 <= 03df0000
                2385@000033a8: $ 8 <= 03decaba
                2405@000033b0: $ 8 <= 00003d7e
                2415@000033b8: $ 8 <= 00003546
                2425@000033bc: $ 8 <= 00006a8c
                2435@000033c0: $24 <= 00000000
                2455@000033c8: $10 <= 00006a8c
                2465@000033d4: *000009bc <= 00006a8c
                2465@000033d0: $24 <= 0000fa9d
                2495@000033dc: $ 8 <= 00000000
                2505@000033e4: *000000fc <= 0000fa9d
                2505@000033e0: $ 8 <= 00006adf
                2525@000033e8: $ 8 <= 0000feff
                2535@000033ec: $24 <= 0001f53a
                2555@000033f4: $24 <= 8e6f0000
                2565@000033fc: $10 <= 8e6f9776
                2575@00003400: $31 <= 00003408
                2585@00003404: $ 8 <= 0000000c
                2595@0000340c: $ 8 <= 00003414
                2625@00003414: $10 <= 8e6f01c3
                2635@00003414: $10 <= 8e6f01c3
                2645@00003418: $ 8 <= 00000000
                2655@0000341c: $24 <= e0d80000
                2665@00003420: $10 <= 8e6f8feb
                2675@00003424: $31 <= 0000342c
                2685@00003428: $24 <= 0000000c
                2695@00003430: $24 <= 00003438
                2725@00003438: $ 8 <= 8e6f9feb
                2735@00003438: $ 8 <= 8e6f9feb
                2745@0000343c: $10 <= e9c40000
                2755@00003440: $ 8 <= b9240000
                2765@00003444: $10 <= 00000000
                2785@00003448: $ 8 <= ffffcbc8
                2805@00003450: *00000724 <= ffffcbc8
                2825@00003454: $ 8 <= ffffcbc8
                2835@00003458: $ 8 <= 93290000
                2845@0000345c: $10 <= 224d0000
                2865@00003464: $10 <= ddb33438
                2875@0000346c: $ 8 <= ddb30000
                2885@00003470: $31 <= 00003478
                2895@00003474: $ 8 <= 0000000c
                2905@0000347c: $ 8 <= 00003484
                2935@00003484: $24 <= 00000000
                2945@00003484: $24 <= 00000000
                2955@00003488: $10 <= 224d004c
                2955@0000348c: *00000844 <= 00000000
                2985@00003494: $ 8 <= 00000000
                2995@0000349c: $ 8 <= 224d1a4e
                3005@000034a0: $ 8 <= 224dac6e
                3015@000034a4: $24 <= 00000000
                3015@000034a8: *000009a4 <= 00000000
                3035@000034ac: $24 <= c94c0000
                3045@000034b0: $ 8 <= 224dfc6f
                3055@000034b4: $24 <= 449afcbb
                3065@000034b8: $ 8 <= 66e7fd07
                3075@000034bc: $ 8 <= 8934fd53
                3085@000034c0: $10 <= 74450000
                3095@000034c4: $31 <= 000034cc
                3105@000034c8: $10 <= 0000000c
                3115@000034d0: $10 <= 000034d8
                3145@000034d8: $ 8 <= e1470000
                3155@000034d8: $ 8 <= e1470000
                3165@000034dc: $10 <= 6353fcbb
                3175@000034e0: $ 8 <= 449afebb
                3185@000034e4: $ 8 <= e1470200
                3195@000034e8: $24 <= 663a0000
                3215@000034f0: $24 <= 754e0000
                3225@000034f8: $24 <= 9406fe00
                3235@000034fc: $10 <= e14706bc
                3245@00003500: $10 <= 00000000
                3255@00003508: *00000f80 <= 9406fe00
                3275@0000350c: $ 8 <= 1eb8fe00
                3285@00003510: $10 <= 00000000
                3325@00003518: $24 <= 00000000
                3335@0000351c: $10 <= 00000000
                3345@00003524: *00000a64 <= 00000000
                3345@00003520: $ 8 <= 1eb8ff5b
                3355@00003528: *000004bc <= 00000000
                3375@0000352c: $24 <= 1eb8fffb
                3385@00003530: $10 <= 3d71feb6
                3405@00003538: $ 8 <= e1470145
                3415@00003540: $10 <= a3d5028f
                3425@00003548: *000001c0 <= e1470145
                3425@00003544: $24 <= c28e014a
                3445@0000354c: $24 <= 851c03d4
                3455@00003550: $24 <= 00000000
                3465@00003554: $24 <= a3d597af
                3475@00003558: $31 <= 00003560
                3485@0000355c: $24 <= 0000000c
                3495@00003564: $24 <= 0000356c
                3525@0000356c: $ 8 <= 62820000
                3535@0000356c: $ 8 <= 62820000
                3545@00003570: $24 <= 6282b828
                3555@00003574: $10 <= b25b0000
                3565@00003578: $24 <= 00000000
                3585@0000357c: $ 8 <= 9d7e0000
                3595@00003580: $ 8 <= ecef0000
                3605@00003584: $24 <= 00000000
                3645@0000358c: $24 <= a7e10000
                3655@00003590: $10 <= 00000000
                3675@00003594: $24 <= 00000000
                3685@00003598: $24 <= ecefa70a
                3695@0000359c: $31 <= 000035a4
                3705@000035a0: $10 <= 0000000c
                3715@000035a8: $10 <= 000035b0
                3745@000035b0: $24 <= ffff58f6
                3755@000035b0: $24 <= ecefa70a
                3755@000035b4: *0000085c <= ecefa70a
                3775@000035b8: $10 <= 00000000
                3785@000035bc: $24 <= ffff58f6
                3795@000035c0: $ 8 <= 00000000
                3805@000035c4: $24 <= 7a790000
                3815@000035c8: $24 <= 00000000
                3825@000035cc: $24 <= 00000000
                3835@000035d0: $10 <= 0000abd9
                3845@000035d4: $31 <= 000035dc
                3855@000035d8: $ 8 <= 0000000c
                3865@000035e0: $ 8 <= 000035e8
                3895@000035e8: $24 <= 0000f7ff
                3905@000035e8: $24 <= 0000f7ff
                3915@000035f0: *00000d90 <= 000035e8
                3935@000035f8: $ 8 <= 00000000
                3945@00003600: *00000a3c <= 00000000
                3945@000035fc: $24 <= 0000abd9
                3955@00003604: *00000af8 <= 0000abd9
                3975@00003608: $24 <= b0e40000
                3985@0000360c: $10 <= 00001904
                4015@00003614: $10 <= 59f10000
                4025@0000361c: $10 <= a60f0000
                4035@00003620: $31 <= 00003628
                4045@00003624: $24 <= 0000000c
                4055@0000362c: $24 <= 00003634
                4085@00003634: $10 <= 00000000
                4095@00003634: $10 <= 00000000
                4105@00003638: $10 <= 00000000
                4125@0000363c: $10 <= 00000000
                4155@00003644: $24 <= 00003634
                4165@00003648: $10 <= 00000000
                4175@0000364c: $10 <= 00003634
                4175@00003650: *00000770 <= 00003634
                4195@00003654: $10 <= 0000efb9
                4225@0000365c: $10 <= 0000ffb9
                4235@00003664: $ 8 <= 00003634
                4245@00003668: $ 8 <= 00000000
                4255@0000366c: $ 8 <= 00003e3e
                4265@00003670: $24 <= b36c0000
                4275@00003674: $24 <= 00000000
                4285@00003678: $24 <= ffff3e85
                4295@0000367c: $ 8 <= 00000000
                4305@00003680: $31 <= 00003688
                4315@00003684: $10 <= 0000000c
                4325@0000368c: $10 <= 00003694
                4355@00003694: $10 <= 00000000
                4365@00003698: *00000ed0 <= ffff3e85
                4365@00003694: $10 <= 00000000
                4385@0000369c: $10 <= 00000000
                4395@000036a0: $ 8 <= 00002d2e
                4405@000036a4: $10 <= 00000000
                4425@000036a8: $10 <= 00004273
                4435@000036ac: $10 <= 6cf50000
                4435@000036b0: *00000970 <= 00002d2e
                4455@000036b4: $31 <= 000036bc
                4465@000036b8: $10 <= 0000000c
                4475@000036c0: $10 <= 000036c8
                4495@000036c8: *00000b3c <= ffff3e85
                4505@000036c8: *00000b3c <= ffff3e85
                4525@000036cc: $10 <= ffffff9f
                4535@000036d0: $10 <= fbd90000
                4545@000036d4: $31 <= 000036dc
                4555@000036d8: $24 <= 0000000c
                4565@000036e0: $24 <= 000036e8
                4595@000036e8: $ 8 <= 00006dd0
                4605@000036ec: *00000298 <= fbd90000
                4605@000036e8: $ 8 <= 00006dd0
                4625@000036f0: $24 <= fbd96dd0
                4645@000036f8: $10 <= 64b40000
                4655@00003700: $ 8 <= fbd9dba0
                4665@00003704: $10 <= 65ae0000
                4675@00003708: $ 8 <= 3e830000
                4705@00003710: $10 <= 00000000
                4715@00003714: $ 8 <= 00000000
                4725@0000371c: *0000066c <= 00000000
                4725@00003718: $ 8 <= f7b2dba0
                4745@00003720: $10 <= c9bb0000
                4755@00003724: $ 8 <= f7b2dba0
                4775@0000372c: $ 8 <= 00000000
                4785@00003730: $10 <= f7b2dba0
                4795@00003734: $24 <= 00000000
                4835@0000373c: $24 <= 00000000
                4845@00003740: $ 8 <= f7b2dba0
                4855@00003744: $24 <= ef65b740
                4865@00003748: $10 <= f79f0000
                4875@0000374c: $ 8 <= 00000000
                4885@00003750: $31 <= 00003758
                4895@00003754: $24 <= 0000000c
                4905@0000375c: $24 <= 00003764
                4935@00003764: $24 <= 00000000
                4945@00003768: *00000f94 <= f79f0000
                4945@00003764: $24 <= 00000000
                4965@0000376c: $31 <= 00003774
                4975@00003770: $ 8 <= 0000000c
                4985@00003778: $ 8 <= 00003780
                5015@00003780: $10 <= ef3e0000
                5025@00003784: *00000d6c <= 00000000
                5025@00003780: $10 <= de7c0000
                5045@00003788: $10 <= 0000cedf
                5055@0000378c: $10 <= a6a40000
                5075@00003794: $ 8 <= a6a40000
                5085@0000379c: $10 <= 00000000
                5095@000037a0: $10 <= d9ce0000
                5115@000037a8: $24 <= 170c0000
                5125@000037b4: *00000798 <= a6a40000
                5125@000037b0: $10 <= ccd60000
                5145@000037b8: $ 8 <= 170c4340
                5165@000037c0: $24 <= 00000000
                5175@000037c8: $24 <= e3e24340
                5175@000037cc: *00000088 <= e3e24340
                5205@000037d4: $24 <= 3e980000
                5215@000037dc: $10 <= e3e24340
                5215@000037e0: *0000095c <= 3e980000
                5235@000037e8: *00000454 <= 3e980000
                5255@000037ec: $10 <= 5ab5bcc0
                5265@000037f4: *00000b38 <= 71c20000
                5265@000037f0: $10 <= 71c20000
                5285@000037f8: $ 8 <= 00000000
                5305@00003800: $24 <= 71c2d40f
                5315@00003808: $24 <= 00000000
                5335@0000380c: $10 <= 71c20000
                5345@00003814: *00000c28 <= 00000000
                5345@00003810: $24 <= 00000000
                5365@00003818: $ 8 <= 00000000
                5375@0000381c: $ 8 <= 71c20000
                5385@00003820: $24 <= 71c271b2
                5395@00003824: $10 <= 000071b2
                5425@0000382c: $10 <= 71c20ede
                5435@00003830: $24 <= e3840000
                5445@00003838: *000008a4 <= 71c20000
                5445@00003834: $24 <= 00000000
                5465@0000383c: $10 <= 71c20000
                5495@00003844: $24 <= 71c2b5bc
                5505@0000384c: $10 <= 00000000
                5535@00003854: $ 8 <= 00000000
                5545@00003858: $24 <= 71c2b7fd
                5555@0000385c: $ 8 <= 9fca0000
                5575@00003864: $ 8 <= 00000000
                5585@00003870: *000002c0 <= 15940000
                5585@0000386c: $ 8 <= 15940000
                5605@00003874: $ 8 <= 000078f2
                5635@0000387c: $10 <= 8e3dc0f5
                5635@00003884: *00000114 <= 71c2b7fd
                5655@00003888: $ 8 <= 00000000
                5655@0000388c: *00000b74 <= 71c2b7fd
                5675@00003890: $10 <= 00000000
                5685@00003894: $ 8 <= fc3d0000
                5695@00003898: $ 8 <= 3b9a0000
                5705@0000389c: $ 8 <= 4ced0000
                5735@000038a4: $ 8 <= 00000000
                5745@000038ac: $24 <= 00000000
                5755@000038b0: $ 8 <= 8b510000
                5775@000038b8: $10 <= 00000000
                5785@000038c0: $10 <= 0000f794
                5795@000038c4: $31 <= 000038cc
                5805@000038c8: $10 <= 0000000c
                5815@000038d0: $10 <= 000038d8
                5845@000038d8: $24 <= fa640000
                5855@000038d8: $24 <= fa640000
                5865@000038dc: $ 8 <= ddb40000
                5875@000038e0: $10 <= ddb4c5d1
                5885@000038e4: $24 <= 00000000
                5895@000038e8: $31 <= 000038f0
                5905@000038ec: $10 <= 0000000c
                5915@000038f4: $10 <= 000038fc
                5945@000038fc: $10 <= 00000000
                5955@000038fc: $10 <= 00000000
                5975@00003904: $10 <= ddb40000
                5985@0000390c: $ 8 <= ddb408a0
                5995@00003910: $31 <= 00003918
                6005@00003914: $ 8 <= 0000000c
                6015@0000391c: $ 8 <= 00003924
                6045@00003924: $24 <= 00003641
                6055@00003924: $24 <= 00003641
                6065@00003928: $ 8 <= 00000000
                6085@0000392c: $ 8 <= ddb40000
                6095@00003930: $ 8 <= 91170000
                6115@00003938: $ 8 <= 0000f76d
                6125@0000393c: $10 <= ddb4bf2a
                6135@00003940: $ 8 <= 259f0000
                6145@00003944: $10 <= 00000000
                6155@00003948: $31 <= 00003950
                6165@0000394c: $24 <= 0000000c
                6175@00003954: $24 <= 0000395c
                6205@0000395c: $10 <= 00000000
                6215@0000395c: $10 <= 00000000
                6225@00003960: $ 8 <= 00000000
                6245@00003968: $ 8 <= 0000395c
                6255@00003970: $10 <= a9530000
                6265@00003974: $24 <= 00003d7d
                6275@00003978: $10 <= 00007ffd
                6305@00003980: $ 8 <= 0000bd7a
                6315@00003984: $24 <= 9b0d0000
                6325@00003988: $10 <= 00000000
                6345@0000398c: $24 <= 00000000
                6365@00003994: $ 8 <= 0000fffb
                6375@0000399c: $ 8 <= 0000ffff
                6395@000039a4: $ 8 <= 0000ffff
                6405@000039ac: $24 <= ffff0001
                6415@000039b0: $31 <= 000039b8
                6425@000039b4: $10 <= 0000000c
                6435@000039bc: $10 <= 000039c4
                6465@000039c4: $24 <= fffe0002
                6475@000039c4: $24 <= fffc0004
                6485@000039c8: $24 <= 0000ffff
                6495@000039cc: $10 <= 0000c63b
                6505@000039d0: $31 <= 000039d8
                6515@000039d4: $24 <= 0000000c
                6525@000039dc: $24 <= 000039e4
                6555@000039e4: $10 <= 0001fffe
                6565@000039e4: $10 <= 0001fffe
                6575@000039e8: $24 <= 0001c61a
                6585@000039ec: $10 <= a4070000
                6595@000039f0: $31 <= 000039f8
                6605@000039f4: $24 <= 0000000c
                6615@000039fc: $24 <= 00003a04
                6645@00003a04: $10 <= ffff3a05
                6655@00003a04: $10 <= ffff3a05
                6665@00003a08: $24 <= ffff7af7
                6675@00003a0c: $10 <= fffeb4fc
                6705@00003a14: $ 8 <= fffe2ff3
                6715@00003a18: $10 <= fffeb7ff
                6725@00003a1c: $10 <= ffff3e85
                6745@00003a20: $24 <= fffd6e78
                6765@00003a28: $24 <= fffeeff3
                6775@00003a30: $24 <= fffe6ff3
                6785@00003a34: $10 <= fffd6e78
                6795@00003a38: $24 <= fffe6ff3
                6805@00003a3c: $24 <= 