@00003000: $28 <= 00000000
@00003004: $29 <= 00000000
@00003008: $22 <= 00000000
@0000300c: $26 <= 57830000
@00003014: $ 6 <= 00000000
@00003018: $26 <= 00001fff
@0000301c: $31 <= 00003020
@00003024: $26 <= 00000014
@00003028: $26 <= 00003034
@00003034: *0000020c <= 00003034
@00003038: $22 <= 0000096a
@0000303c: $ 6 <= 00000000
@00003040: $22 <= 00006068
@00003044: *00000aec <= 00006068
@00003048: $26 <= 0000fc7d
@0000304c: $26 <= 0000fc7d
@00003050: *00000bf4 <= 00006068
@00003054: *00000ac8 <= 00006068
@00003058: $22 <= 00006068
@0000305c: $26 <= 9e810000
@00003060: $26 <= 3d020000
@00003064: $ 6 <= 00000000
@00003068: $22 <= c2fe6068
@00003074: *00000d44 <= 00000000
@00003078: $26 <= 85fcc0d0
@0000307c: $ 6 <= 00000000
@00003080: $22 <= 1b2e0000
@00003084: $26 <= 64470000
@00003088: $ 6 <= ae4e0000
@0000308c: $ 6 <= 00000000
@00003090: $22 <= 00000000
@00003094: $ 6 <= 00000000
@00003098: $31 <= 0000309c
@000030a0: $26 <= 00000014
@000030a4: $26 <= 000030b0
@000030b0: *00000a54 <= 00000000
@000030b4: *00000790 <= 00000000
@000030b8: $26 <= 0000f6f2
@000030bc: *00000448 <= 00000000
@000030c0: *00000110 <= 00000000
@000030c4: $26 <= 00000000
@000030c8: $26 <= 00000000
@000030cc: $26 <= 00000000
@000030d0: $26 <= 0aed0000
@000030d4: *00000860 <= 00000000
@000030d8: $22 <= 00000000
@000030dc: $ 6 <= 6eee0000
@000030e0: $ 6 <= 18710000
@000030e4: $26 <= 00000000
@000030e8: $26 <= 18715a0a
@000030ec: $ 6 <= 30e25a0a
@000030f0: $ 6 <= 36f60000
@000030f4: $22 <= 00000000
@000030f8: $ 6 <= 4f675a0a
@00003100: $ 6 <= 00000000
@00003104: $ 6 <= 1871ff3e
@0000310c: $ 6 <= b1cb0000
@00003110: $22 <= 63960000
@00003114: $31 <= 00003118
@0000311c: $22 <= 00000014
@00003120: $22 <= 0000312c
@0000312c: $26 <= 0000f32c
@00003138: $ 6 <= 00006258
@0000313c: $22 <= ffff6f2c
@00003140: $26 <= 00000000
@00003144: $31 <= 00003148
@0000314c: $ 6 <= 00000014
@00003150: $ 6 <= 0000315c
@0000315c: $26 <= 00000000
@00003160: $22 <= 0000b542
@00003164: $ 6 <= 000083e6
@00003168: $26 <= 00000000
@0000316c: $ 6 <= 00007fec
@00003170: $31 <= 00003174
@00003178: $ 6 <= 00000014
@0000317c: $ 6 <= 00003188
@00003188: $ 6 <= 0000e6ca
@0000318c: $ 6 <= 079b0000
@00003190: $ 6 <= 00000000
@00003194: $26 <= 000031b1
@00003198: $ 6 <= ffffce4f
@0000319c: $ 6 <= 00000000
@000031a0: *00000250 <= 00000000
@000031a4: $ 6 <= 00003dbb
@000031a8: $22 <= ffff7c6f
@000031ac: *00000d54 <= 00003dbb
@000031b0: $26 <= 00006f6c
@000031b4: $31 <= 000031b8
@000031bc: $22 <= 00000014
@000031c0: $22 <= 000031cc
@000031cc: *00000584 <= 00003dbb
@000031d0: $26 <= 00007fed
@000031d4: $26 <= fffff411
@000031dc: *00000fb8 <= 00003dbb
@000031e0: *00000ce0 <= 000031cc
@000031e4: $ 6 <= 00006f87
@000031e8: $26 <= caa20000
@000031ec: $ 6 <= caa2c80d
@000031f0: $22 <= c7df0000
@000031f4: $ 6 <= caa2f27c
@000031f8: $26 <= 2a110000
@000031fc: $31 <= 00003200
@00003204: $ 6 <= 00000014
@00003208: $ 6 <= 00003214
@00003214: $ 6 <= 00000000
@00003218: $ 6 <= 88e60000
@0000321c: $22 <= a96b0000
@00003220: $22 <= 00000000
@00003224: $22 <= 2a110000
@00003228: $26 <= 00000000
@0000322c: $22 <= 00000000
@00003230: $26 <= 00000000
@00003234: $26 <= f25e0000
@00003238: *000009b4 <= 00000000
@0000323c: $26 <= e1960000
@00003240: $ 6 <= 11cc0000
@00003244: $31 <= 00003248
@0000324c: $26 <= 00000014
@00003250: $26 <= 0000325c
@0000325c: $ 6 <= fc290000
@00003260: $26 <= 000072dc
@0000326c: *000004ec <= 00000000
@00003274: $22 <= fc2972dc
@00003278: $22 <= f852e5b8
@0000327c: $ 6 <= c08e0000
@00003280: $26 <= 00000000
@00003284: $ 6 <= f0a5cb70
@00003288: $ 6 <= 00000f31
@0000328c: $31 <= 00003290
@00003294: $22 <= 00000014
@00003298: $22 <= 000032a4
@000032a4: $ 6 <= ffffdc8d
@000032a8: $22 <= 863d0000
@000032ac: $ 6 <= 863d0000
@000032b0: *0000042c <= 00000000
@000032b4: $31 <= 000032b8
@000032bc: $22 <= 00000014
@000032c0: $22 <= 000032cc
@000032cc: *00000a00 <= 000032cc
@000032d0: $26 <= 863d0000
@000032d4: $22 <= 00000000
@000032d8: $26 <= 00000000
@000032e0: $26 <= 85c90000
@000032e4: *000001c8 <= 85c90000
@000032ec: $ 6 <= 4dc80000
@000032f0: *00000f30 <= 85c90000
@000032f8: $22 <= 00000000
@000032fc: $ 6 <= 00000000
@00003300: $ 6 <= 85c9889e
@00003304: $22 <= 85c90000
@00003308: $ 6 <= 3f790000
@0000330c: $22 <= c5420000
@00003314: $22 <= a92b0000
@00003318: $22 <= 2ef40000
@0000331c: $22 <= a92b0000
@00003320: $31 <= 00003324
@00003328: $22 <= 00000014
@0000332c: $22 <= 00003338
@00003338: $22 <= 6b5b0000
@0000333c: *00000e10 <= 6b5b0000
@00003340: $22 <= 5eb00000
@00003344: $22 <= d8e70000
@00003348: $ 6 <= ace20000
@0000334c: $ 6 <= 00000000
@00003350: $ 6 <= c32c0000
@00003354: $22 <= 00000000
@00003358: $ 6 <= 00000000
@0000335c: $26 <= 85c90000
@00003360: $22 <= 7a370000
@00003364: $ 6 <= 00000000
@00003368: $26 <= 85c9b29c
@00003370: $26 <= f5650000
@00003374: $22 <= f5654d7c
@00003378: $31 <= 0000337c
@00003380: $ 6 <= 00000014
@00003384: $ 6 <= 00003390
@00003390: $26 <= eaca4d7c
@00003394: $ 6 <= 211d0000
@00003398: $ 6 <= 25180000
@0000339c: $ 6 <= 4a300000
@000033a0: $ 6 <= 94600000
@000033a4: $26 <= f2020000
@000033a8: $ 6 <= 00000000
@000033ac: *00000120 <= f5654d7c
@000033b0: $ 6 <= 00000000
@000033b4: $31 <= 000033b8
@000033bc: $26 <= 00000014
@000033c0: $26 <= 000033cc
@000033cc: $22 <= 0000fffc
@000033d0: $26 <= 00000000
@000033d4: $31 <= 000033d8
@000033dc: $22 <= 00000014
@000033e0: $22 <= 000033ec
@000033ec: *000003e8 <= 00000000
@000033f0: $ 6 <= 00000000
@000033fc: $22 <= 00004d1c
@00003404: $ 6 <= 00000000
@00003408: $ 6 <= 3b450000
@0000340c: $22 <= c4bb0000
@00003410: $31 <= 00003414
@00003418: $ 6 <= 00000014
@0000341c: $ 6 <= 00003428
@00003428: $22 <= 00005fc7
@0000342c: $22 <= ab6f0000
@00003430: *00000368 <= ab6f0000
@00003434: $26 <= 0000ebaa
@00003438: $ 6 <= ab6f3428
@0000343c: *0000031c <= ab6f3428
@00003440: $31 <= 00003444
@00003448: $22 <= 00000014
@0000344c: $22 <= 00003458
@00003458: $26 <= 00000000
@0000345c: $ 6 <= 00003458
@00003460: $ 6 <= acd10000
@00003464: $ 6 <= acd10000
@00003468: $ 6 <= 0000e7e3
@0000346c: $31 <= 00003470
@00003474: $ 6 <= 00000014
@00003478: $ 6 <= 00003484
@00003484: $ 6 <= 00000000
@00003488: $22 <= 00000000
@00003494: $22 <= 87930000
@00003498: $22 <= 00000000
@0000349c: $22 <= 00000000
@000034a0: $26 <= 791f0000
@000034a4: $ 6 <= 00000000
@000034a8: $31 <= 000034ac
@000034b0: $22 <= 00000014
@000034b4: $22 <= 000034c0
@000034c0: *000008d4 <= 791f0000
@000034c4: $ 6 <= 00000000
@000034c8: $26 <= 56de0000
@000034cc: $ 6 <= c2700000
@000034d0: $ 6 <= 00000000
@000034dc: $26 <= 000034c0
@000034e0: $31 <= 000034e4
@000034e8: $26 <= 00000014
@000034ec: $26 <= 000034f8
@000034f8: $ 6 <= 00000000
@000034fc: $26 <= 00000000
@00003500: $31 <= 00003504
@00003508: $22 <= 00000014
@0000350c: $22 <= 00003518
@00003518: $22 <= 00000000
@0000351c: $31 <= 00003520
@00003524: $22 <= 00000014
@00003528: $22 <= 00003534
@00003534: $ 6 <= 00000000
@00003540: $22 <= 00000000
@00003544: $22 <= 00000cad
@00003548: $22 <= 00006983
@0000354c: $ 6 <= 00005517
@00003550: $26 <= ad9e0000
@0000355c: *00000b68 <= 00006983
@00003568: $22 <= ad9e6983
@0000356c: $22 <= 5b3c0000
@00003570: *00000618 <= ad9e0000
@00003574: $31 <= 00003578
@0000357c: $26 <= 00000014
@00003580: $26 <= 0000358c
@0000358c: $22 <= 00000000
@00003590: $26 <= 00005517
@00003594: $ 6 <= 00000000
@00003598: $22 <= 00000000
@0000359c: $ 6 <= 0000df3f
@000035a0: $ 6 <= 0000df3f
@000035a4: $26 <= 0000df3f
@000035a8: $22 <= 0000df3f
@000035b4: $26 <= 0001be7e
@000035bc: $26 <= ffff20c1
@000035c0: $22 <= 0001be7e
@000035c4: *00000b44 <= 0000df3f
@000035c8: $22 <= 00000000
@000035cc: $26 <= 00000000
@000035d0: $22 <= 0000a9f1
@000035d4: $26 <= 0000df3f
@000035d8: $26 <= 00018930
@000035dc: $22 <= 0001be7e
@000035e0: $ 6 <= 0002686f
@000035e8: $ 6 <= 000347ae
@000035ec: $22 <= 0005062c
@000035f0: $26 <= 00084dda
@000035f4: $ 6 <= 000d5406
@000035f8: $ 6 <= 000d5406
@000035fc: $22 <= 000d5406
@00003608: $ 6 <= 00000000
@0000360c: $31 <= 00003610
@00003614: $ 6 <= 00000014
@00003618: $ 6 <= 00003624
@00003624: *00000ac4 <= 00084dda
@00003628: $ 6 <= 85c60000
@0000362c: $31 <= 00003630
@00003634: $ 6 <= 00000014
@00003638: $ 6 <= 00003644
@00003644: $26 <= 00081796
@00003648: $31 <= 0000364c
@00003650: $22 <= 00000014
@00003654: $22 <= 00003660
@00003660: $22 <= 00000000
@00003664: $26 <= 00000000
@00003668: *00000ef0 <= 00000000
@0000366c: $22 <= 00000000
@00003670: $ 6 <= 00000000
@00003674: $22 <= 5db70000
@00003678: $ 6 <= 00000000
@0000367c: $ 6 <= a2490000
@00003680: $26 <= 2ccf0000
@00003684: $26 <= 757a0000
@00003690: *00000710 <= 757a0000
@00003694: $26 <= 00000000
@00003698: $ 6 <= 5db70000
@000036a4: $22 <= bb6e0000
@000036a8: $ 6 <= 00000000
@000036ac: *000001d8 <= bb6e0000
@000036b0: *00000ca0 <= 00000000
@000036b4: *0000000c <= 00000000
@000036b8: $26 <= decc0000
@000036bc: *00000bd8 <= bb6e0000
@000036c0: $31 <= 000036c4
@000036c8: $ 6 <= 00000014
@000036cc: $ 6 <= 000036d8
@000036d8: $26 <= 0000fef8
@000036dc: $ 6 <= 0000bedf
@000036e0: $31 <= 000036e4
@000036e8: $26 <= 00000014
@000036ec: $26 <= 000036f8
@000036f8: $26 <= 00000000
@000036fc: $26 <= bb6e6439
@00003700: $ 6 <= 00000000
@00003704: $31 <= 00003708
@0000370c: $26 <= 00000014
@00003710: $26 <= 0000371c
@0000371c: $26 <= 4492371c
@00003720: $22 <= df6f0000
@00003724: $22 <= 95b10000
@00003728: $26 <= 2b620000
@0000372c: $26 <= 95b10000
@00003734: $26 <= 00000000
@00003738: $22 <= 0000ff77
@0000373c: *00000abc <= 0000ff77
@00003740: $22 <= 0000fff7
@00003744: $31 <= 00003748
@0000374c: $ 6 <= 00000014
@00003750: $ 6 <= 0000375c
@0000375c: $22 <= 00000000
@00003760: *00000900 <= 0000375c
@00003764: $22 <= 00003f5f
@00003768: $26 <= 00003f7f
@00003774: $22 <= 00007efe
@0000377c: $22 <= 00007eff
@00003780: $26 <= c8dd0000
@00003784: $22 <= 00003fff
@00003788: *00000f78 <= c8dd0000
@0000378c: $26 <= 00000000
@00003790: $26 <= 0000dfe5
@00003794: *00000edc <= 00003fff
@00003798: $22 <= 00007fff
@0000379c: $22 <= 00000000
@000037a0: $ 6 <= 0000fff7
@000037a4: $22 <= 00000000
@000037a8: $ 6 <= ffff201b
@000037ac: $26 <= ffff201b
@000037b0: $26 <= fffe4036
@000037b4: $26 <= 00000000
@000037b8: $22 <= 0000dfe5
@000037bc: $31 <= 000037c0
@000037c4: $22 <= 00000014
@000037c8: $22 <= 000037d4
@000037d4: $22 <= 00000000
@000037d8: $ 6 <= 00000000
@000037dc: $22 <= 00000000
@000037e0: $26 <= 00000000
@000037e4: *00000eb8 <= 00000000
@000037f0: $ 6 <= 0000aed4
@000037f4: $26 <= 00015da8
@000037f8: $31 <= 000037fc
@00003800: $ 6 <= 00000014
@00003804: $ 6 <= 00003810
@00003810: $26 <= a3b40000
@00003814: $31 <= 00003818
@0000381c: $ 6 <= 00000014
@00003820: $ 6 <= 0000382c
@0000382c: $22 <= a3b40000
@00003830: $26 <= a3b4382c
@00003834: $ 6 <= 00000000
@00003838: $26 <= a1690000
@0000383c: $26 <= 00000000
@00003840: *00000c14 <= 00000000
@00003844: $31 <= 00003848
@0000384c: $26 <= 00000014
@00003850: $26 <= 0000385c
@0000385c: $22 <= 00000000
@00003860: $22 <= 00000000
@00003864: $22 <= 0000f51e
@00003868: $ 6 <= 00008bb3
@0000386c: $31 <= 00003870
@00003874: $26 <= 00000014
@00003878: $26 <= 00003884
@00003884: *00000ab4 <= 00003884
@0000388c: $26 <= 269e0000
@00003890: $ 6 <= 0000fd1f
@00003894: *000009b8 <= 0000f51e
@00003898: $ 6 <= 0001fa3e
@0000389c: $ 6 <= 269d0ae2
@000038a0: $26 <= 0001ea3c
@000038a4: $31 <= 000038a8
@000038ac: $ 6 <= 00000014
@000038b0: $ 6 <= 000038bc
@000038bc: $26 <= b4b00000
@000038c0: $26 <= b4b0f51e
@000038c4: $ 6 <= 00000000
@000038c8: $ 6 <= 0001ea3c
@000038d0: $26 <= 159e0000
@000038d4: $22 <= 00000000
@000038d8: $26 <= fe440000
@000038dc: $ 6 <= 00000000
@000038e0: $22 <= 00000000
@000038e4: *0000044c <= 00000000
@000038e8: $26 <= 0000a1ff
@000038ec: $26 <= 0000a1ff
@000038f0: *000003e0 <= 00000000
@000038f4: $22 <= 0000b1e0
@000038f8: *000009a4 <= 0000a1ff
@000038fc: $ 6 <= 0000a7ff
@00003900: $31 <= 00003904
@00003908: $26 <= 00000014
@0000390c: $26 <= 00003918
@00003918: $ 6 <= 0000eaf8
@0000391c: *00000458 <= 00003918
@00003920: $ 6 <= 00000000
@00003924: $ 6 <= 9aad0000
@00003928: $26 <= 19370000
@0000392c: $31 <= 00003930
@00003934: $22 <= 00000014
@00003938: $22 <= 00003944
@00003944: $22 <= 00000000
@00003948: *00000b54 <= 00000000
@0000394c: $22 <= 00000000
@00003958: *00000608 <= 00000000
@0000395c: $31 <= 00003960
@00003964: $26 <= 00000014
@00003968: $26 <= 00003974
@00003974: $26 <= 00000000
@00003978: $26 <= 0000ade0
@0000397c: $31 <= 00003980
@00003984: $26 <= 00000014
@00003988: $26 <= 00003994
@00003994: $22 <= 65533994
@00003998: $ 6 <= e7010000
@0000399c: $26 <= 81adc66c
@000039a0: *00000ed4 <= 81adc66c
@000039a4: $26 <= 65533994
@000039a8: $22 <= 6553fdf6
@000039ac: *00000d3c <= e7010000
@000039b0: $22 <= e7015dfe
@000039b4: $22 <= e7015ffe
@000039b8: $ 6 <= 4c549992
@000039c0: $ 6 <= 65537dd4
@000039c4: $ 6 <= 3ab30000
@000039c8: $22 <= 6553bffe
@000039cc: $26 <= 3ab3d2b6
@000039d0: $ 6 <= 2aa0bffe
@000039d4: $26 <= 00000000
@000039d8: $26 <= 6553fffe
@000039dc: *000005b8 <= 2aa0bffe
@000039e0: *0000045c <= 2aa0bffe
@000039e4: $ 6 <= 6553fffe
@000039e8: *00000f54 <= 6553bffe
@000039ec: $22 <= dd790000
@000039f0: $31 <= 000039f4
@000039f8: $ 6 <= 00000014
@000039fc: $ 6 <= 00003a08
@00003a08: $22 <= 78250002
