@00003000: $28 <= 00000000
@00003014: $29 <= 00000000
@0000303c: $ 1 <= 00000001
@00003050: $ 2 <= 00000002
@00003064: $ 3 <= 00000003
@00003078: $ 4 <= 00000004
@0000308c: $ 5 <= 00000005
@000030a0: $ 6 <= 00000006
@000030b4: $ 7 <= 00000007
@000030c8: $ 8 <= 00000008
@000030dc: $ 9 <= 00000009
@000030f0: $10 <= 0000000a
@00003104: $11 <= 0000000b
@00003118: $12 <= 0000000c
@0000312c: $13 <= 0000000d
@00003140: $14 <= 0000000e
@00003154: $15 <= 0000000f
@00003168: $16 <= 00000010
@0000317c: $17 <= 00000011
@00003190: $18 <= 00000012
@000031a4: $19 <= 00000013
@000031b8: $20 <= 00000014
@000031cc: $21 <= 00000015
@000031e0: $22 <= 00000016
@000031f4: $23 <= 00000017
@00003208: $24 <= 00000018
@0000321c: $25 <= 00000019
@00003230: $26 <= 0000001a
@00003244: $27 <= 0000001b
@00003258: $28 <= 0000001c
@0000326c: $29 <= 0000001d
@00003280: $30 <= 0000001e
@00003294: $31 <= 0000001f
@000032a8: $ 1 <= 00000001
@000032bc: *00000004 <= 00000001
@000032d0: *00000008 <= 00000001
@000032e4: *0000000c <= 00000001
@000032f8: *00000010 <= 00000001
@0000330c: *00000014 <= 00000001
@00003320: *00000018 <= 00000001
@00003334: *0000001c <= 00000001
@00003348: *00000020 <= 00000001
@0000335c: *00000024 <= 00000001
@00003370: *00000028 <= 00000001
@00003384: *0000002c <= 00000001
@00003398: *00000030 <= 00000001
@000033ac: *00000034 <= 00000001
@000033c0: *00000038 <= 00000001
@000033d4: *0000003c <= 00000001
@000033e8: *00000040 <= 00000001
@000033fc: *00000044 <= 00000001
@00003410: *00000048 <= 00000001
@00003424: *0000004c <= 00000001
@00003438: *00000050 <= 00000001
@0000344c: *00000054 <= 00000001
@00003460: *00000058 <= 00000001
@00003474: *0000005c <= 00000001
@00003488: *00000060 <= 00000001
@0000349c: *00000064 <= 00000001
@000034b0: *00000068 <= 00000001
@000034c4: *0000006c <= 00000001
@000034d8: *00000070 <= 00000001
@000034ec: *00000074 <= 00000001
@00003500: *00000078 <= 00000001
@00003514: *0000007c <= 00000001
@00003528: $ 1 <= 00000001
@0000353c: *00000000 <= 00000001
@00003550: $ 2 <= 00000001
@00003564: $ 3 <= 00000001
@00003578: $ 4 <= 00000001
@0000358c: $ 5 <= 00000001
@000035a0: $ 6 <= 00000001
@000035b4: $ 7 <= 00000001
@000035c8: $ 8 <= 00000001
@000035dc: $ 9 <= 00000001
@000035f0: $10 <= 00000001
@00003604: $11 <= 00000001
@00003618: $12 <= 00000001
@0000362c: $13 <= 00000001
@00003640: $14 <= 00000001
@00003654: $15 <= 00000001
@00003668: $16 <= 00000001
@0000367c: $17 <= 00000001
@00003690: $18 <= 00000001
@000036a4: $19 <= 00000001
@000036b8: $20 <= 00000001
@000036cc: $21 <= 00000001
@000036e0: $22 <= 00000001
@000036f4: $23 <= 00000001
@00003708: $24 <= 00000001
@0000371c: $25 <= 00000001
@00003730: $26 <= 00000001
@00003744: $27 <= 00000001
@00003758: $28 <= 00000001
@0000376c: $29 <= 00000001
@00003780: $30 <= 00000001
@00003794: $31 <= 00000001
@000037a8: $ 1 <= 0000038b
@000037bc: *00000000 <= 00000000
@000037d0: $ 1 <= 00000000
@000037e4: *00000004 <= 00000000
@000037f8: $ 2 <= 00000000
@0000380c: *00000008 <= 00000000
@00003820: $ 3 <= 00000000
@00003834: *0000000c <= 00000000
@00003848: $ 4 <= 00000000
@0000385c: *00000010 <= 00000000
@00003870: $ 5 <= 00000000
@00003884: *00000014 <= 00000000
@00003898: $ 6 <= 00000000
@000038ac: *00000018 <= 00000000
@000038c0: $ 7 <= 00000000
@000038d4: *0000001c <= 00000000
@000038e8: $ 8 <= 00000000
@000038fc: *00000020 <= 00000000
@00003910: $ 9 <= 00000000
@00003924: *00000024 <= 00000000
@00003938: $10 <= 00000000
@0000394c: *00000028 <= 00000000
@00003960: $11 <= 00000000
@00003974: *0000002c <= 00000000
@00003988: $12 <= 00000000
@0000399c: *00000030 <= 00000000
@000039b0: $13 <= 00000000
@000039c4: *00000034 <= 00000000
@000039d8: $14 <= 00000000

