@00003000: $28 <= 00000000
@00003004: $29 <= 00000000
@0000300c: $ 8 <= 00000001
@00003014: $ 8 <= 000035af
@00003018: $21 <= 00000000
@0000301c: $21 <= 00000000
@00003024: $ 5 <= ff4b0000
@00003028: $21 <= 00000000
@0000302c: $ 8 <= 00000001
@00003030: $21 <= 00000001
@00003034: $21 <= 00000000
@00003038: *00000000 <= 00000000
@0000303c: $ 8 <= 00000000
@00003040: *00000008 <= 00000000
@00003044: $ 5 <= ff4b0001
@0000304c: $ 8 <= 00000000
@00003050: $ 5 <= 00000000
@00003054: $ 5 <= 00000000
@00003058: $ 8 <= 00000000
@00003060: $21 <= 00000000
@00003070: $ 8 <= 00000000
@00003074: $31 <= 0000307c
@00003078: $ 5 <= 00000010
@00003080: $ 5 <= 0000308c
@0000308c: $21 <= 00000000
@00003090: *00000000 <= 00000000
@00003094: $ 5 <= 00002727
@00003098: $ 8 <= 00000000
@0000309c: $ 8 <= 00000000
@000030a0: $21 <= 00000000
@000030b4: $21 <= 9cc30000
@000030b8: $21 <= 00000000
@000030bc: $21 <= 00000000
@000030c0: $ 8 <= 00000000
@000030c8: $21 <= 00004e4e
@000030d0: $ 5 <= 00009c9c
@000030d4: $21 <= 00004e4e
@000030dc: $ 8 <= 00000000
@000030e0: *00000000 <= 00000000
@000030e8: $ 8 <= 00000000
@000030f4: $21 <= a0410000
@000030fc: $ 8 <= 5fbe6363
@00003100: $21 <= 5fbe6363
@00003108: $21 <= 5fbeffff
@0000310c: $ 8 <= 00000000
@00003110: $ 5 <= aae80000
@00003118: $ 5 <= 00000000
@0000311c: $ 5 <= 00000000
@00003120: $ 5 <= 00002a70
@00003124: $ 5 <= 5fbeffff
@00003128: $ 5 <= 00000000
@0000312c: $ 5 <= 0000ba5f
@00003130: $21 <= 00000000
@00003134: $ 8 <= 00000000
@00003138: $21 <= 23cf5080
@0000313c: $ 8 <= 00000000
@00003140: $21 <= 00000000
@00003144: *00000008 <= 00000000
@00003148: $ 5 <= cde60000
@00003150: $21 <= 00000000
@00003158: $ 5 <= 00000000
@0000315c: $21 <= 00000000
@00003164: $ 8 <= 00000000
@00003168: $ 5 <= 00000000
@00003170: $ 5 <= 00000000
@00003174: $ 8 <= 00000000
@00003178: $ 8 <= 00000000
@0000317c: $31 <= 00003184
@00003180: $21 <= 00000010
@00003188: $21 <= 00003194
@0000318c: $ 8 <= 00003194
@00003194: $21 <= 00000000
@00003198: *0000000c <= 00000000
@0000319c: $21 <= ffffffff
@000031a0: $ 8 <= 00000001
@000031a4: $ 8 <= 00000000
@000031a8: $21 <= 00000000
@000031ac: $21 <= 00000000
@000031b0: *00000008 <= 00000000
@000031b4: $ 5 <= 0000ea6e
@000031b8: $21 <= 00000000
@000031bc: $ 5 <= 00000000
@000031c0: *00000008 <= 00000000
@000031c4: $ 5 <= 00000000
@000031c8: $21 <= 00000000
@000031cc: $ 5 <= 00000000
@000031d4: $ 8 <= 00000000
@000031d8: $ 5 <= 00000001
@000031dc: $ 8 <= 00000000
@000031e0: $ 5 <= 00000000
@000031e4: $21 <= 00000000
@000031e8: $ 8 <= 00009c3d
@000031ec: $21 <= 00000001
@000031f4: $ 8 <= 00009c3d
@000031fc: $ 5 <= ffff63c2
@00003200: $21 <= 00000000
@00003208: $ 5 <= 00000001
@00003214: $21 <= ffffc926
@00003218: $ 8 <= 00000001
@0000321c: $ 8 <= 00000000
@00003220: $ 5 <= 00000000
@00003228: $21 <= 00000001
@0000322c: $21 <= 00000001
@00003230: $21 <= 00000000
@00003234: $ 8 <= efc30000
@00003238: $ 5 <= 00000000
@0000323c: $21 <= 00000000
@00003244: $21 <= 00000001
@0000324c: $ 8 <= 00000001
@00003254: $ 8 <= 5f320000
@00003260: $ 8 <= 00000000
@00003264: $21 <= 00000000
@0000326c: $ 8 <= 00000000
@00003270: $21 <= 00000000
@00003274: $ 8 <= 00000000
@00003278: $ 8 <= 00000000
@0000327c: $21 <= 00000000
@00003280: $ 5 <= 00000000
@00003284: $ 5 <= 00000000
@00003288: $ 8 <= 00000001
@00003290: $21 <= 00000000
@00003294: $ 5 <= fffffffe
@00003298: $ 8 <= 00000000
@0000329c: *00000004 <= 00000000
@000032a4: $ 8 <= 00000000
@000032ac: $ 8 <= ffffffff
@000032b4: $21 <= 00000000
@000032b8: $ 8 <= 00000000
@000032bc: $21 <= 00000000
@000032c4: $ 8 <= 00000000
@000032c8: $21 <= 2d490000
@000032cc: $21 <= 2d490001
@000032d4: $ 5 <= 00000000
@000032d8: $ 5 <= 00000000
@000032dc: $21 <= 5a920002
@000032e4: $ 5 <= 5a920002
@000032ec: $21 <= 5a920002
@000032f0: $21 <= 5a920003
@00003300: $21 <= 00000000
@00003304: $21 <= 00000000
@00003308: $ 5 <= 00000000
@00003314: $ 5 <= 00000001
@00003318: $ 5 <= 00000000
@0000331c: $ 5 <= 00000000
@00003324: $21 <= 00000000
@00003328: $ 8 <= 00000000
@0000332c: $21 <= 00000000
@00003330: $31 <= 00003338
@00003334: $21 <= 00000010
@0000333c: $21 <= 00003348
@00003340: $ 8 <= 00003348
@00003348: $ 8 <= 00000000
@0000334c: $21 <= ffffffff
@00003350: $ 8 <= 00000001
@00003358: $21 <= 00000000
@0000335c: $21 <= 00000001
@00003360: $ 5 <= 00000000
@00003364: $21 <= 00000000
@00003368: $ 5 <= 00000000
@0000336c: $ 5 <= 00000000
@00003374: $ 5 <= 00000000
@0000337c: $ 5 <= 00000001
@00003384: $21 <= 00000001
@00003388: $ 5 <= 00000001
@0000338c: $ 5 <= 00000000
@00003390: *00000004 <= 00000100
@00003394: $ 5 <= 00000001
@0000339c: $ 5 <= 00000000
@000033a0: *00007f04 <= 00000000
@000033a4: $31 <= 000033ac
@000033a8: $21 <= 00000010
@000033b0: $21 <= 000033bc
@000033c0: $ 8 <= 00000001
@000033c4: $ 5 <= 000033bc
@000033c8: $ 8 <= 00000000
@000033d0: $ 8 <= 00000000
@000033d4: $ 8 <= 0000f7bc
@000033d8: $21 <= 00000000
@000033dc: $ 5 <= 00000000
@000033e0: $ 8 <= 00000000
@000033e4: $ 5 <= 00000000
@000033e8: $21 <= 00000000
@000033ec: $ 5 <= 00000000
@000033f0: $ 5 <= 00000000
@000033f4: $21 <= 00000000
@000033f8: $ 5 <= 00000000
@000033fc: $ 8 <= 00000000
@00003400: $21 <= 00000000
@00003404: $ 5 <= 00000000
@00003408: $21 <= 00000000
@00003410: $ 5 <= 00000000
@00003414: $ 5 <= 00000100
@00003418: $ 5 <= 00000000
@0000341c: $21 <= 00000000
@00003420: $ 5 <= 00000000
@00003428: $ 5 <= 00000000
@00003434: $ 5 <= 00004c88
@00003438: $ 8 <= 00004cf4
@0000343c: $ 5 <= 00000000
@00003440: $21 <= 00000000
@00003444: $21 <= 00000000
@00003448: $21 <= 00000000
@0000344c: $ 5 <= 00000100
@00003454: $21 <= 00000000
@0000345c: $21 <= 00000001
@00003464: $21 <= 00000000
@00003468: $ 5 <= 00000000
@0000346c: $ 5 <= 00000000
@00003474: $ 5 <= 00000000
@00003484: $ 5 <= 00000000
@00003488: $ 5 <= 00000000
@00003490: $21 <= ffffb30b
@00003498: $21 <= ffff92fc
@0000349c: $ 8 <= fffff0ee
@000034a0: $ 5 <= 00000000
@000034a4: $ 5 <= 00000000
@000034a8: $31 <= 000034b0
@000034ac: $ 5 <= 00000010
@000034b4: $ 5 <= 000034c0
@000034c0: $21 <= fffff0ee
@000034c8: $ 5 <= 00000000
@000034cc: $21 <= 00000000
@000034d0: $ 5 <= ffffe1dc
@000034d4: $21 <= 00000001
@000034dc: $ 5 <= 6a460000
@000034e0: $ 8 <= 95ba0001
@000034e8: $ 8 <= 00000000
@000034ec: *00007f04 <= 6a460000
@000034f0: $ 5 <= d48c0000
@000034f4: $ 8 <= 00000002
@000034f8: $21 <= 00000001
@00003508: $ 8 <= bfe90000
@0000350c: $ 8 <= bfe90001
@00003514: $ 5 <= 00000001
@0000351c: $ 5 <= 00000001
@00003520: $31 <= 00003528
@00003524: $ 5 <= 00000010
@0000352c: $ 5 <= 00003538
@0000353c: $ 8 <= 00000000
@00003540: $ 5 <= 00000000
@00003544: $21 <= 00000000
@00003548: $ 5 <= 00000000
@0000354c: $ 8 <= 00000000
@00003550: $21 <= 00000000
@00003558: $ 5 <= 00000000
@0000355c: *0000000c <= 00000000
@00003560: $ 8 <= 00000000
@00003564: $ 5 <= 00006c0e
@00003568: $21 <= 00000000
@0000356c: $21 <= ffff93f2
@00003574: $ 8 <= 00000000
@00003578: $21 <= 00002808
@0000357c: $ 8 <= fffffb4c
@00003580: $ 8 <= 00000000
@00003584: *0000000c <= 00000008
@00003588: $ 8 <= 00000000
@0000358c: $ 5 <= 64ce0000
@00003590: $ 8 <= 00000000
@00003594: $ 8 <= 00000000
@0000359c: $ 5 <= 00000000
@000035a0: $21 <= 00000000
@000035a4: $ 8 <= 00000000
@000035a8: $21 <= 00000000
@000035ac: $21 <= ffffffff
@000035b0: $21 <= ffffffff
@000035b4: $ 8 <= 00000000
@000035b8: $ 8 <= 000000ff
@000035c0: $ 5 <= 00000000
@000035cc: $ 8 <= fffffffe
@000035d0: $ 8 <= 00000001
@000035d8: $21 <= 00006425
@000035e4: $ 5 <= 708e0000
@000035ec: $ 5 <= 00000000
@000035f4: $ 8 <= 00000000
@000035f8: $21 <= 00000000
@000035fc: $21 <= 00000000
@00003604: $ 8 <= 00000000
@00003608: $ 8 <= 00000000
@0000360c: $21 <= bc410000
@00003618: $21 <= 00000001
@0000361c: $ 8 <= 00000000
@00003620: $ 5 <= 00000000
@00003624: $ 5 <= 00000000
@00003628: $ 5 <= 00000000
@00003630: $ 5 <= 00000001
@00003634: $21 <= 00000000
@00003638: $21 <= fffffffe
@0000363c: $31 <= 00003644
@00003640: $ 5 <= 00000010
@00003648: $ 5 <= 00003654
@0000364c: $21 <= 00003654
@0000365c: $21 <= 00000000
@00003660: $ 8 <= 00000001
@00003668: $ 5 <= 65400000
@00003674: $ 8 <= 00000000
@00003678: $ 5 <= 00000000
@0000367c: $ 5 <= bd2e0000
@00003680: $21 <= 00000000
@00003684: $ 5 <= 00000000
@0000368c: $21 <= 00000000
@00003698: $ 5 <= 00000000
@0000369c: $21 <= 00000000
@000036a0: $ 5 <= 00000001
@000036a8: $21 <= 00000000
@000036ac: $31 <= 000036b4
@000036b0: $21 <= 00000010
@000036b8: $21 <= 000036c4
@000036bc: $ 5 <= 000036c4
@000036c4: $ 5 <= 000000db
@000036cc: $21 <= 0000361f
@000036dc: $21 <= 00000000
@000036e0: $ 8 <= 000000db
@000036ec: $ 5 <= 00000000
@000036f0: $31 <= 000036f8
@000036f4: $ 8 <= 00000010
@000036fc: $ 8 <= 00003708
@0000370c: $ 8 <= 00000000
@00003718: $21 <= 00000000
@00003720: $ 8 <= 00000000
@00003724: *00000008 <= 00000000
@00003728: $ 5 <= 00000000
@0000372c: $ 5 <= 00000000
@00003730: $21 <= 00000000
@00003734: $ 5 <= 00000000
@00003738: $ 8 <= 00000000
@0000373c: $21 <= 00000000
@00003740: $21 <= f99f0000
@00003744: $ 5 <= 00000000
@00003748: $ 8 <= 00000000
@0000374c: $21 <= 06610000
@00003754: $21 <= 00000000
@00003758: $ 8 <= 00000008
@0000375c: $21 <= 00000000
@00003760: $ 5 <= 00000008
@00003768: $21 <= 00000001
@00003770: $ 5 <= 00001000
@00003774: $ 8 <= 00000001
@00003778: $ 8 <= 00000800
@0000377c: $ 5 <= 00000001
@0000378c: $21 <= 00000001
@00003790: $ 8 <= 00000000
@00003794: $ 8 <= 00000000
@00003798: $21 <= 00000000
@0000379c: $ 8 <= 00000001
@000037a4: $21 <= 00000000
@000037a8: $21 <= 00000000
@000037ac: $ 8 <= 00000000
@000037b0: $ 5 <= 00000000
@000037b4: $ 8 <= 00000000
@000037b8: $21 <= 00000000
@000037bc: $ 8 <= 00000000
@000037c4: $21 <= 00000000
@000037d4: $ 8 <= 00000001
@000037dc: $21 <= 00000001
@000037e4: $31 <= 000037ec
@000037e8: $ 5 <= 00000010
@000037f0: $ 5 <= 000037fc
@000037f4: $ 8 <= 000037fc
@000037fc: $ 8 <= 00008d64
@00003800: $ 5 <= 00000000
@00003808: $ 5 <= 00000001
@0000380c: $ 5 <= 00000000
@00003810: $ 5 <= 00000000
@00003814: $ 8 <= 00000000
@00003818: $ 5 <= 00000000
@00003820: $ 5 <= 00000000
@00003824: $21 <= 00000000
@00003828: $21 <= 0000c4bf
@0000382c: $21 <= 00001569
@00003830: $ 5 <= 00000000
@00003838: $ 8 <= 00000000
@0000383c: *00000008 <= 00000000
@00003840: $21 <= 00000000
@00003844: $21 <= 00000000
@0000384c: $21 <= 00000000
@0000385c: $ 8 <= 00000000
@00003864: $21 <= 00000000
@00003868: $21 <= 00000000
@0000386c: $ 8 <= 00000000
@00003870: $31 <= 00003878
@00003874: $ 8 <= 00000010
@0000387c: $ 8 <= 00003888
@00003888: $ 5 <= 00000000
@0000388c: $ 5 <= 00003acb
@00003894: $21 <= 00003acb
@00003898: $21 <= 00000003
@0000389c: $ 5 <= 00000000
@000038a0: $21 <= 00000100
@000038a4: $21 <= 00003788
@000038a8: $31 <= 000038b0
@000038ac: $ 8 <= 00000010
@000038b4: $ 8 <= 000038c0
@000038c0: $21 <= 00000000
@000038c4: *0000000c <= 0000c008
@000038c8: $ 8 <= 00000000
@000038d0: $ 5 <= 00000000
@000038d4: *0000000c <= 0000c008
@000038d8: $ 5 <= 00000000
@000038dc: $ 8 <= 00000000
@000038e0: $ 8 <= 00000000
@000038e4: $ 5 <= 00000000
@000038e8: $ 8 <= 00000000
@000038ec: $ 5 <= 00000000
@000038f0: $ 5 <= 00000001
@000038f8: $ 8 <= 00000000
@000038fc: $ 5 <= 0000c008
@00003904: $ 5 <= 0000c008
@00003908: $ 8 <= 00000001
@0000390c: $ 5 <= 00000000
@00003910: $ 5 <= 00000000
@00003914: $ 8 <= 00000000
@0000391c: $21 <= 00000000
@00003920: $21 <= 0000035c
@00003924: $21 <= 00000000
@00003928: $ 5 <= 6a460000
@00003930: $21 <= 00000000
@00003938: $ 5 <= 00000000
@0000393c: $ 5 <= ca3d0000
@0000394c: $ 5 <= 00000000
@00003950: $21 <= 00000000
@0000395c: $ 8 <= ffffffff
@00003964: $21 <= ffffffff
@00003968: $ 5 <= 00000000
@0000396c: $ 5 <= 00000000
@00003970: $21 <= ffffffff
@00003974: $ 5 <= 0000b3a4
@00003978: $ 8 <= 00000000
@0000397c: $ 8 <= 00000001
@00003984: $21 <= ffffffff
@0000398c: $ 8 <= 00000000
@00003990: *0000000c <= 00000000
@00003994: $21 <= 00000000
@00003998: $ 5 <= 00000100
@0000399c: $21 <= 00000001
@000039a0: $21 <= 00000001
@000039a4: $ 5 <= 00000000
@000039a8: $ 8 <= 00000000
@000039ac: *00007f14 <= 00000001
@000039b8: $21 <= 00000000
@000039c8: $ 8 <= 00000000
@000039cc: $21 <= 000072c6
@000039d4: $ 8 <= 00000000
@000039d8: *00000000 <= 00000000
@000039e0: $21 <= 00000000
@000039e4: $ 8 <= 00000000
@000039ec: $ 5 <= 00000000
@000039f0: $ 5 <= 00000001
@000039f8: $ 5 <= 00000000
@000039fc: $ 5 <= ffffffff
@00003a00: $21 <= 00000000
@00003a04: $ 5 <= 00000000
@00003a08: $ 8 <= 00000000
@00003a0c: $ 8 <= 00000000
@00003a10: $ 8 <= 00000000
@00003a1c: $ 8 <= 00000000
@00003a2c: $ 5 <= 00000000
@00003a30: $ 5 <= 00000000
@00003a34: $ 5 <= 00000000
@00003a38: $21 <= 00000000
@00003a3c: $ 8 <= 00000000
@00003a44: $ 8 <= 00000000
@00003a54: $ 5 <= 00000000
@00003a58: $ 8 <= 00000000
@00003a5c: $ 5 <= 00000000
@00003a64: $ 5 <= 00000001
@00003a70: $ 8 <= 00008d64
@00003a74: $ 5 <= 00000001
@00003a78: $ 5 <= 00000001
@00003a7c: $21 <= 00011ac8
@00003a80: $ 8 <= 80040000
@00003a88: $ 5 <= 00000001
@00003a8c: $ 5 <= 7ffae537
@00003a90: $ 8 <= 7ffbffff
@00003a94: $ 5 <= 00000000
@00003a98: $ 5 <= 00000000
@00003a9c: $ 5 <= 0000f773
@00003aa0: $ 8 <= 80051ac9
@00003aa4: $ 5 <= 00000000
@00003aa8: $ 5 <= 00000000
@00003aac: $21 <= 0001c084
@00003ab0: $ 5 <= 00000000
@00003ab4: $ 8 <= 00000000
@00003abc: $ 8 <= 0000c595
@00003ac4: $ 8 <= 00000001
@00003ac8: $ 8 <= 00000000
@00003acc: $21 <= 00000000
@00003ad4: $ 8 <= 00000000
@00003ad8: $ 8 <= 00000000
@00003adc: $ 8 <= 00000000
@00003ae0: $ 8 <= 00000000
@00003ae4: $21 <= 00000000
@00003ae8: $ 5 <= 0000f097
@00003aec: $31 <= 00003af4
@00003af0: $ 8 <= 00000010
@00003af8: $ 8 <= 00003b04
@00003b04: $ 5 <= 00000000
@00003b08: $ 8 <= 00000000
@00003b0c: $21 <= 00000000
@00003b10: $ 5 <= d4590000
@00003b14: $ 8 <= 00000000
@00003b18: $ 8 <= 00000000
@00003b1c: $21 <= 00000000
@00003b20: $ 5 <= 00000000
@00003b24: $ 8 <= 00000000
@00003b28: $21 <= 00000000
@00003b34: $ 5 <= 00000000
@00003b38: $ 8 <= 00000000
@00003b3c: $21 <= 00000000
@00003b40: *00000004 <= 00000100
@00003b48: $ 8 <= 00000000
@00003b54: $ 5 <= 00000000
@00003b58: $ 5 <= 00000000
@00003b60: $ 5 <= 00000000
@00003b64: $ 8 <= 0000e281
@00003b68: $21 <= 00000000
@00003b6c: $ 5 <= 00000000
@00003b70: $21 <= 00000000
@00003b74: $ 5 <= e2550000
@00003b78: $ 8 <= e255fd92
@00003b7c: $21 <= e255fd92
@00003b84: $ 5 <= 00000001
@00003b88: $21 <= 00000000
@00003b8c: *00000000 <= 00009200
@00003b90: $ 8 <= 00000000
@00003b98: $ 5 <= 00000001
@00003b9c: $ 8 <= 00000000
@00003ba0: $21 <= 00000100
@00003ba4: $21 <= 00000000
@00003ba8: $21 <= 00000000
@00003bac: $ 8 <= 00000000
@00003bb0: $21 <= 00000000
@00003bb4: $21 <= 00000000
@00003bb8: $ 5 <= 00000000
@00003bc0: $ 5 <= 00000000
@00003bc8: $ 8 <= 0000214c
@00003bcc: $21 <= 0000356d
@00003bd0: $ 5 <= 00000010
@00003bd4: $21 <= ffffca82
@00003bd8: $21 <= 00000000
@00003bdc: $31 <= 00003be4
@00003be0: $ 8 <= 00000010
@00003be8: $ 8 <= 00003bf4
@00003bf4: $ 8 <= 00000000
@00003bf8: $ 5 <= ffff9200
@00003c00: $ 5 <= ffff42bb
@00003c04: $ 8 <= ffff6abb
@00003c08: $ 5 <= 00000000
@00003c0c: $ 8 <= ffff9200
@00003c10: $ 5 <= 00000001
@00003c18: $21 <= ffff9200
@00003c1c: $ 5 <= 00000000
@00003c20: $21 <= 00000000
@00003c28: $21 <= 00000000
@00003c2c: $21 <= 00009200
@00003c34: $ 5 <= 40000000
@00003c3c: $21 <= 00000000
@00003c40: $ 5 <= ffffdd8a
@00003c48: $21 <= 00000000
@00003c4c: $ 5 <= 00000000
@00003c50: $ 5 <= 00000000
@00003c54: $ 8 <= 00000000
@00003c58: *00007f14 <= 00000000
@00003c5c: $ 5 <= 00005944
@00003c64: $ 5 <= 00005ec3
@00003c68: $ 5 <= 25550000
@00003c6c: $31 <= 00003c74
@00003c70: $ 5 <= 00000010
@00003c78: $ 5 <= 00003c84
@00003c7c: $ 5 <= 00003c84
@00003c84: $ 5 <= 00000001
@00003c88: $21 <= 00000000
@00003c8c: $ 8 <= 00000001
@00003c94: $ 5 <= 00000000
@00003c98: $ 5 <= 00000000
@00003ca0: $ 5 <= 00000001
@00003cac: $ 5 <= 00000000
@00003cb0: $ 5 <= 00000001
@00003cbc: $ 5 <= 00000000
@00003cc0: $ 5 <= 00000001
@00003cc4: $ 8 <= 00000000
@00003cc8: $ 8 <= 00000000
@00003ccc: $ 5 <= 80000000
@00003cd4: $21 <= 00000000
@00003cd8: $21 <= 00000000
@00003cdc: *00007f04 <= 00000000
@00003ce0: $21 <= 00000000
@00003ce4: $ 8 <= 80000000
@00003cf0: $ 5 <= 00000001
@00003cf4: $ 5 <= 00000000
@00003cfc: $ 5 <= 00000000
@00003d00: $21 <= 00000000
@00003d04: $21 <= 00000000
@00003d0c: $ 8 <= 00000000
@00003d10: *00000000 <= 00009200
@00003d14: $ 8 <= 00000000
@00003d1c: $21 <= ffffffff
@00003d24: $21 <= 00000000
@00003d28: *00007f14 <= 00000000
@00003d2c: $ 5 <= 00000000
@00003d30: $ 8 <= 00000000
@00003d34: *00000000 <= 00000000
@00003d38: $ 5 <= 00000000
@00003d3c: $ 5 <= 0000c913
@00003d40: $ 5 <= 00000000
@00003d48: $ 5 <= 00000000
@00003d4c: $21 <= 00000000
@00003d50: $ 5 <= 00000001
@00003d5c: $ 8 <= 00000001
@00003d64: $ 8 <= 00000001
@00003d68: $ 5 <= 00000001
@00003d6c: $21 <= 00000000
@00003d70: $21 <= 00000000
@00003d74: $ 5 <= 00000000
@00003d78: *00007f04 <= 00000000
@00003d7c: $21 <= 00000000
@00003d80: $ 5 <= 00000000
@00003d84: $ 5 <= 00000000
@00003d8c: $ 5 <= 00000000
@00003d98: $ 8 <= 00000000
@00003d9c: $21 <= 00000000
@00003da0: $ 5 <= 00000000
@00003db0: $21 <= 00000000
@00003db4: $ 8 <= eab30000
@00003db8: $21 <= eab30000
@00003dbc: $ 5 <= 154cffff
@00003dc0: $ 8 <= 00000000
@00003dc4: $21 <= 00000000
@00003dc8: $ 8 <= 00000000
@00003dcc: $ 5 <= 0000631a
@00003dd0: $21 <= 00000000
@00003dd8: $ 8 <= baea0000
@00003de0: $ 5 <= 00000000
@00003de4: $ 8 <= 00000000
@00003de8: $ 5 <= 0000d9af
@00003dec: $ 5 <= a0b40000
@00003df0: $ 8 <= 00000000
@00003df4: $31 <= 00003dfc
@00003df8: $ 8 <= 00000010
@00003e00: $ 8 <= 00003e0c
@00003e0c: $21 <= 0000100c
@00003e10: $ 5 <= 00003e0c
@00003e14: $21 <= 00000000
@00003e18: *00007f14 <= 00000000
@00003e1c: $21 <= 00002608
@00003e20: $ 5 <= 00000000
@00003e24: *00000000 <= 0000000c
@00003e28: $ 8 <= 00000000
@00003e2c: $ 5 <= 00000000
@00003e30: $ 8 <= 00000000
@00003e34: $ 5 <= 00000000
@00003e38: $21 <= 00000000
@00003e3c: $ 8 <= 00000000
@00003e40: $31 <= 00003e48
@00003e44: $ 5 <= 00000010
@00003e4c: $ 5 <= 00003e58
@00003e58: $ 5 <= 00007fd9
@00003e5c: $ 5 <= 00007fd9

